[2026-06-19 12:48:21] [scraper.immo] INFO ======================================================================
[2026-06-19 12:48:21] [scraper.immo] INFO Démarrage scraper 'immo' (mode=update, test=False)
[2026-06-19 12:48:21] [scraper.immo] INFO DB : /home/runner/work/RAPS-Prospection/RAPS-Prospection/data/immo.db
[2026-06-19 12:48:21] [scraper.immo] INFO run_id = 1ebc1524ab17438d
[2026-06-19 12:48:21] [scraper.immo] INFO [PAGE 001] 10 fiches trouvées
[2026-06-19 12:48:36] [scraper.immo] INFO [PAGE 002] 10 fiches trouvées
[2026-06-19 12:48:47] [scraper.immo] INFO [PAGE 003] 10 fiches trouvées
[2026-06-19 12:48:58] [scraper.immo] INFO [PAGE 004] 10 fiches trouvées
[2026-06-19 12:49:08] [scraper.immo] INFO [PAGE 005] 10 fiches trouvées
[2026-06-19 12:49:16] [scraper.immo] INFO flush : total=50 (inserted=50 updated=0 unchanged=0)
[2026-06-19 12:49:18] [scraper.immo] INFO [PAGE 006] 10 fiches trouvées
[2026-06-19 12:49:28] [scraper.immo] INFO [PAGE 007] 10 fiches trouvées
[2026-06-19 12:49:37] [scraper.immo] INFO [PAGE 008] 10 fiches trouvées
[2026-06-19 12:49:46] [scraper.immo] INFO [PAGE 009] 10 fiches trouvées
[2026-06-19 12:49:57] [scraper.immo] INFO [PAGE 010] 10 fiches trouvées
[2026-06-19 12:50:04] [scraper.immo] INFO flush : total=100 (inserted=100 updated=0 unchanged=0)
[2026-06-19 12:50:06] [scraper.immo] INFO [PAGE 011] 10 fiches trouvées
[2026-06-19 12:50:15] [scraper.immo] INFO [PAGE 012] 10 fiches trouvées
[2026-06-19 12:50:25] [scraper.immo] INFO [PAGE 013] 10 fiches trouvées
[2026-06-19 12:50:35] [scraper.immo] INFO [PAGE 014] 10 fiches trouvées
[2026-06-19 12:50:45] [scraper.immo] INFO [PAGE 015] 10 fiches trouvées
[2026-06-19 12:50:52] [scraper.immo] INFO flush : total=150 (inserted=150 updated=0 unchanged=0)
[2026-06-19 12:50:54] [scraper.immo] INFO [PAGE 016] 10 fiches trouvées
[2026-06-19 12:51:03] [scraper.immo] INFO [PAGE 017] 10 fiches trouvées
[2026-06-19 12:51:11] [scraper.immo] INFO [PAGE 018] 10 fiches trouvées
[2026-06-19 12:51:22] [scraper.immo] INFO [PAGE 019] 10 fiches trouvées
[2026-06-19 12:51:31] [scraper.immo] INFO [PAGE 020] 10 fiches trouvées
[2026-06-19 12:51:38] [scraper.immo] INFO flush : total=200 (inserted=200 updated=0 unchanged=0)
[2026-06-19 12:51:40] [scraper.immo] INFO [PAGE 021] 10 fiches trouvées
[2026-06-19 12:51:50] [scraper.immo] INFO [PAGE 022] 10 fiches trouvées
[2026-06-19 12:52:00] [scraper.immo] INFO [PAGE 023] 10 fiches trouvées
[2026-06-19 12:52:09] [scraper.immo] INFO [PAGE 024] 10 fiches trouvées
[2026-06-19 12:52:19] [scraper.immo] INFO [PAGE 025] 10 fiches trouvées
[2026-06-19 12:52:27] [scraper.immo] INFO flush : total=250 (inserted=250 updated=0 unchanged=0)
[2026-06-19 12:52:29] [scraper.immo] INFO [PAGE 026] 10 fiches trouvées
[2026-06-19 12:52:39] [scraper.immo] INFO [PAGE 027] 10 fiches trouvées
[2026-06-19 12:52:50] [scraper.immo] INFO [PAGE 028] 10 fiches trouvées
[2026-06-19 12:53:00] [scraper.immo] INFO [PAGE 029] 10 fiches trouvées
[2026-06-19 12:53:10] [scraper.immo] INFO [PAGE 030] 10 fiches trouvées
[2026-06-19 12:53:18] [scraper.immo] INFO flush : total=300 (inserted=300 updated=0 unchanged=0)
[2026-06-19 12:53:20] [scraper.immo] INFO [PAGE 031] 10 fiches trouvées
[2026-06-19 12:53:29] [scraper.immo] INFO [PAGE 032] 10 fiches trouvées
[2026-06-19 12:53:39] [scraper.immo] INFO [PAGE 033] 10 fiches trouvées
[2026-06-19 12:53:49] [scraper.immo] INFO [PAGE 034] 10 fiches trouvées
[2026-06-19 12:53:58] [scraper.immo] INFO [PAGE 035] 10 fiches trouvées
[2026-06-19 12:54:05] [scraper.immo] INFO flush : total=350 (inserted=350 updated=0 unchanged=0)
[2026-06-19 12:54:07] [scraper.immo] INFO [PAGE 036] 10 fiches trouvées
[2026-06-19 12:54:18] [scraper.immo] INFO [PAGE 037] 10 fiches trouvées
[2026-06-19 12:54:28] [scraper.immo] INFO [PAGE 038] 10 fiches trouvées
[2026-06-19 12:54:38] [scraper.immo] INFO [PAGE 039] 10 fiches trouvées
[2026-06-19 12:54:48] [scraper.immo] INFO [PAGE 040] 10 fiches trouvées
[2026-06-19 12:54:56] [scraper.immo] INFO flush : total=400 (inserted=400 updated=0 unchanged=0)
[2026-06-19 12:54:58] [scraper.immo] INFO [PAGE 041] 10 fiches trouvées
[2026-06-19 12:55:09] [scraper.immo] INFO [PAGE 042] 10 fiches trouvées
[2026-06-19 12:55:20] [scraper.immo] INFO [PAGE 043] 10 fiches trouvées
[2026-06-19 12:55:31] [scraper.immo] INFO [PAGE 044] 10 fiches trouvées
[2026-06-19 12:55:42] [scraper.immo] INFO [PAGE 045] 10 fiches trouvées
[2026-06-19 12:55:50] [scraper.immo] INFO flush : total=450 (inserted=450 updated=0 unchanged=0)
[2026-06-19 12:55:52] [scraper.immo] INFO [PAGE 046] 10 fiches trouvées
[2026-06-19 12:56:03] [scraper.immo] INFO [PAGE 047] 10 fiches trouvées
[2026-06-19 12:56:13] [scraper.immo] INFO [PAGE 048] 10 fiches trouvées
[2026-06-19 12:56:22] [scraper.immo] INFO [PAGE 049] 10 fiches trouvées
[2026-06-19 12:56:32] [scraper.immo] INFO [PAGE 050] 10 fiches trouvées
[2026-06-19 12:56:40] [scraper.immo] INFO flush : total=500 (inserted=500 updated=0 unchanged=0)
[2026-06-19 12:56:42] [scraper.immo] INFO [PAGE 051] 10 fiches trouvées
[2026-06-19 12:56:50] [scraper.immo] INFO [PAGE 052] 10 fiches trouvées
[2026-06-19 12:57:01] [scraper.immo] INFO [PAGE 053] 10 fiches trouvées
[2026-06-19 12:57:10] [scraper.immo] INFO [PAGE 054] 10 fiches trouvées
[2026-06-19 12:57:21] [scraper.immo] INFO [PAGE 055] 10 fiches trouvées
[2026-06-19 12:57:28] [scraper.immo] INFO flush : total=550 (inserted=550 updated=0 unchanged=0)
[2026-06-19 12:57:30] [scraper.immo] INFO [PAGE 056] 10 fiches trouvées
[2026-06-19 12:57:38] [scraper.immo] INFO [PAGE 057] 10 fiches trouvées
[2026-06-19 12:57:49] [scraper.immo] INFO [PAGE 058] 10 fiches trouvées
[2026-06-19 12:57:59] [scraper.immo] INFO [PAGE 059] 10 fiches trouvées
[2026-06-19 12:58:07] [scraper.immo] INFO [PAGE 060] 10 fiches trouvées
[2026-06-19 12:58:16] [scraper.immo] INFO flush : total=600 (inserted=600 updated=0 unchanged=0)
[2026-06-19 12:58:17] [scraper.immo] INFO [PAGE 061] 10 fiches trouvées
[2026-06-19 12:58:27] [scraper.immo] INFO [PAGE 062] 10 fiches trouvées
[2026-06-19 12:58:36] [scraper.immo] INFO [PAGE 063] 10 fiches trouvées
[2026-06-19 12:58:46] [scraper.immo] INFO [PAGE 064] 10 fiches trouvées
[2026-06-19 12:58:56] [scraper.immo] INFO [PAGE 065] 10 fiches trouvées
[2026-06-19 12:59:04] [scraper.immo] INFO flush : total=650 (inserted=650 updated=0 unchanged=0)
[2026-06-19 12:59:06] [scraper.immo] INFO [PAGE 066] 10 fiches trouvées
[2026-06-19 12:59:17] [scraper.immo] INFO [PAGE 067] 10 fiches trouvées
[2026-06-19 12:59:27] [scraper.immo] INFO [PAGE 068] 10 fiches trouvées
[2026-06-19 12:59:37] [scraper.immo] INFO [PAGE 069] 10 fiches trouvées
[2026-06-19 12:59:47] [scraper.immo] INFO [PAGE 070] 10 fiches trouvées
[2026-06-19 12:59:55] [scraper.immo] INFO flush : total=700 (inserted=700 updated=0 unchanged=0)
[2026-06-19 12:59:56] [scraper.immo] INFO [PAGE 071] 10 fiches trouvées
[2026-06-19 13:00:07] [scraper.immo] INFO [PAGE 072] 10 fiches trouvées
[2026-06-19 13:00:18] [scraper.immo] INFO [PAGE 073] 10 fiches trouvées
[2026-06-19 13:00:27] [scraper.immo] INFO [PAGE 074] 10 fiches trouvées
[2026-06-19 13:00:38] [scraper.immo] INFO [PAGE 075] 10 fiches trouvées
[2026-06-19 13:00:44] [scraper.immo] INFO flush : total=750 (inserted=750 updated=0 unchanged=0)
[2026-06-19 13:00:46] [scraper.immo] INFO [PAGE 076] 10 fiches trouvées
[2026-06-19 13:00:56] [scraper.immo] INFO [PAGE 077] 10 fiches trouvées
[2026-06-19 13:01:06] [scraper.immo] INFO [PAGE 078] 10 fiches trouvées
[2026-06-19 13:01:16] [scraper.immo] INFO [PAGE 079] 10 fiches trouvées
[2026-06-19 13:01:27] [scraper.immo] INFO [PAGE 080] 10 fiches trouvées
[2026-06-19 13:01:35] [scraper.immo] INFO flush : total=800 (inserted=800 updated=0 unchanged=0)
[2026-06-19 13:01:37] [scraper.immo] INFO [PAGE 081] 10 fiches trouvées
[2026-06-19 13:01:48] [scraper.immo] INFO [PAGE 082] 10 fiches trouvées
[2026-06-19 13:01:59] [scraper.immo] INFO [PAGE 083] 10 fiches trouvées
[2026-06-19 13:02:10] [scraper.immo] INFO [PAGE 084] 10 fiches trouvées
[2026-06-19 13:02:19] [scraper.immo] INFO [PAGE 085] 10 fiches trouvées
[2026-06-19 13:02:29] [scraper.immo] INFO flush : total=850 (inserted=850 updated=0 unchanged=0)
[2026-06-19 13:02:31] [scraper.immo] INFO [PAGE 086] 10 fiches trouvées
[2026-06-19 13:02:41] [scraper.immo] INFO [PAGE 087] 10 fiches trouvées
[2026-06-19 13:02:52] [scraper.immo] INFO [PAGE 088] 10 fiches trouvées
[2026-06-19 13:03:02] [scraper.immo] INFO [PAGE 089] 1 fiches trouvées
[2026-06-19 13:03:03] [scraper.immo] INFO [PAGE 090] 0 fiches trouvées
[2026-06-19 13:03:03] [scraper.immo] INFO [STOP] Plus de résultats page 90
[2026-06-19 13:03:03] [scraper.immo] INFO Fin scraper 'immo' : inserted=881, updated=0, unchanged=0, stale=0
[2026-06-19 13:03:03] [scraper.immo] INFO CSV exporté : exports/immo/base_prospection_immomatin.csv (881 lignes)
[2026-06-19 13:03:03] [scraper.immo] INFO JSONL exporté : exports/immo/base_prospection_immomatin.jsonl (881 lignes)
[2026-06-19 13:03:04] [scraper.immo] INFO XLSX exporté : exports/immo/base_prospection_immomatin.xlsx (881 lignes)
[2026-06-19 13:29:50] [scraper.immo] INFO ======================================================================
[2026-06-19 13:29:50] [scraper.immo] INFO Démarrage scraper 'immo' (mode=update, test=False)
[2026-06-19 13:29:50] [scraper.immo] INFO DB : /home/runner/work/RAPS-Prospection/RAPS-Prospection/data/immo.db
[2026-06-19 13:29:50] [scraper.immo] INFO run_id = 17dc8ebb93dd4d0c
[2026-06-19 13:29:52] [scraper.immo] INFO [PAGE 001] 10 fiches trouvées
[2026-06-19 13:30:05] [scraper.immo] INFO [PAGE 002] 10 fiches trouvées
[2026-06-19 13:30:18] [scraper.immo] INFO [PAGE 003] 10 fiches trouvées
[2026-06-19 13:30:30] [scraper.immo] INFO [PAGE 004] 10 fiches trouvées
[2026-06-19 13:30:41] [scraper.immo] INFO [PAGE 005] 10 fiches trouvées
[2026-06-19 13:30:49] [scraper.immo] INFO flush : total=50 (inserted=0 updated=0 unchanged=50)
[2026-06-19 13:30:51] [scraper.immo] INFO [PAGE 006] 10 fiches trouvées
[2026-06-19 13:31:03] [scraper.immo] INFO [PAGE 007] 10 fiches trouvées
[2026-06-19 13:31:14] [scraper.immo] INFO [PAGE 008] 10 fiches trouvées
[2026-06-19 13:31:25] [scraper.immo] INFO [PAGE 009] 10 fiches trouvées
[2026-06-19 13:31:36] [scraper.immo] INFO [PAGE 010] 10 fiches trouvées
[2026-06-19 13:31:45] [scraper.immo] INFO flush : total=100 (inserted=0 updated=0 unchanged=100)
[2026-06-19 13:31:47] [scraper.immo] INFO [PAGE 011] 10 fiches trouvées
[2026-06-19 13:31:57] [scraper.immo] INFO [PAGE 012] 10 fiches trouvées
[2026-06-19 13:32:07] [scraper.immo] INFO [PAGE 013] 10 fiches trouvées
[2026-06-19 13:32:17] [scraper.immo] INFO [PAGE 014] 10 fiches trouvées
[2026-06-19 13:32:28] [scraper.immo] INFO [PAGE 015] 10 fiches trouvées
[2026-06-19 13:32:37] [scraper.immo] INFO flush : total=150 (inserted=0 updated=0 unchanged=150)
[2026-06-19 13:32:39] [scraper.immo] INFO [PAGE 016] 10 fiches trouvées
[2026-06-19 13:32:49] [scraper.immo] INFO [PAGE 017] 10 fiches trouvées
[2026-06-19 13:32:59] [scraper.immo] INFO [PAGE 018] 10 fiches trouvées
[2026-06-19 13:33:12] [scraper.immo] INFO [PAGE 019] 10 fiches trouvées
[2026-06-19 13:33:22] [scraper.immo] INFO [PAGE 020] 10 fiches trouvées
[2026-06-19 13:33:30] [scraper.immo] INFO flush : total=200 (inserted=0 updated=0 unchanged=200)
[2026-06-19 13:33:32] [scraper.immo] INFO [PAGE 021] 10 fiches trouvées
[2026-06-19 13:33:42] [scraper.immo] INFO [PAGE 022] 10 fiches trouvées
[2026-06-19 13:33:50] [scraper.immo] INFO [PAGE 023] 10 fiches trouvées
[2026-06-19 13:34:00] [scraper.immo] INFO [PAGE 024] 10 fiches trouvées
[2026-06-19 13:34:09] [scraper.immo] INFO [PAGE 025] 10 fiches trouvées
[2026-06-19 13:34:18] [scraper.immo] INFO flush : total=250 (inserted=0 updated=0 unchanged=250)
[2026-06-19 13:34:20] [scraper.immo] INFO [PAGE 026] 10 fiches trouvées
[2026-06-19 13:34:32] [scraper.immo] INFO [PAGE 027] 10 fiches trouvées
[2026-06-19 13:34:43] [scraper.immo] INFO [PAGE 028] 10 fiches trouvées
[2026-06-19 13:34:53] [scraper.immo] INFO [PAGE 029] 10 fiches trouvées
[2026-06-19 13:35:03] [scraper.immo] INFO [PAGE 030] 10 fiches trouvées
[2026-06-19 13:35:12] [scraper.immo] INFO flush : total=300 (inserted=0 updated=0 unchanged=300)
[2026-06-19 13:35:15] [scraper.immo] INFO [PAGE 031] 10 fiches trouvées
[2026-06-19 13:35:24] [scraper.immo] INFO [PAGE 032] 10 fiches trouvées
[2026-06-19 13:35:36] [scraper.immo] INFO [PAGE 033] 10 fiches trouvées
[2026-06-19 13:35:46] [scraper.immo] INFO [PAGE 034] 10 fiches trouvées
[2026-06-19 13:35:57] [scraper.immo] INFO [PAGE 035] 10 fiches trouvées
[2026-06-19 13:36:06] [scraper.immo] INFO flush : total=350 (inserted=0 updated=0 unchanged=350)
[2026-06-19 13:36:08] [scraper.immo] INFO [PAGE 036] 10 fiches trouvées
[2026-06-19 13:36:18] [scraper.immo] INFO [PAGE 037] 10 fiches trouvées
[2026-06-19 13:36:28] [scraper.immo] INFO [PAGE 038] 10 fiches trouvées
[2026-06-19 13:36:39] [scraper.immo] INFO [PAGE 039] 10 fiches trouvées
[2026-06-19 13:36:51] [scraper.immo] INFO [PAGE 040] 10 fiches trouvées
[2026-06-19 13:36:58] [scraper.immo] INFO flush : total=400 (inserted=0 updated=0 unchanged=400)
[2026-06-19 13:37:00] [scraper.immo] INFO [PAGE 041] 10 fiches trouvées
[2026-06-19 13:37:11] [scraper.immo] INFO [PAGE 042] 10 fiches trouvées
[2026-06-19 13:37:22] [scraper.immo] INFO [PAGE 043] 10 fiches trouvées
[2026-06-19 13:37:34] [scraper.immo] INFO [PAGE 044] 10 fiches trouvées
[2026-06-19 13:37:44] [scraper.immo] INFO [PAGE 045] 10 fiches trouvées
[2026-06-19 13:37:53] [scraper.immo] INFO flush : total=450 (inserted=0 updated=0 unchanged=450)
[2026-06-19 13:37:55] [scraper.immo] INFO [PAGE 046] 10 fiches trouvées
[2026-06-19 13:38:06] [scraper.immo] INFO [PAGE 047] 10 fiches trouvées
[2026-06-19 13:38:17] [scraper.immo] INFO [PAGE 048] 10 fiches trouvées
[2026-06-19 13:38:27] [scraper.immo] INFO [PAGE 049] 10 fiches trouvées
[2026-06-19 13:38:42] [scraper.immo] INFO [PAGE 050] 10 fiches trouvées
[2026-06-19 13:38:52] [scraper.immo] INFO flush : total=500 (inserted=0 updated=0 unchanged=500)
[2026-06-19 13:38:53] [scraper.immo] INFO [PAGE 051] 10 fiches trouvées
[2026-06-19 13:39:05] [scraper.immo] INFO [PAGE 052] 10 fiches trouvées
[2026-06-19 13:39:16] [scraper.immo] INFO [PAGE 053] 10 fiches trouvées
[2026-06-19 13:39:29] [scraper.immo] INFO [PAGE 054] 10 fiches trouvées
[2026-06-19 13:39:37] [scraper.immo] INFO [PAGE 055] 10 fiches trouvées
[2026-06-19 13:39:46] [scraper.immo] INFO flush : total=550 (inserted=0 updated=0 unchanged=550)
[2026-06-19 13:39:48] [scraper.immo] INFO [PAGE 056] 10 fiches trouvées
[2026-06-19 13:39:57] [scraper.immo] INFO [PAGE 057] 10 fiches trouvées
[2026-06-19 13:40:07] [scraper.immo] INFO [PAGE 058] 10 fiches trouvées
[2026-06-19 13:40:17] [scraper.immo] INFO [PAGE 059] 10 fiches trouvées
[2026-06-19 13:40:29] [scraper.immo] INFO [PAGE 060] 10 fiches trouvées
[2026-06-19 13:40:38] [scraper.immo] INFO flush : total=600 (inserted=0 updated=0 unchanged=600)
[2026-06-19 13:40:40] [scraper.immo] INFO [PAGE 061] 10 fiches trouvées
[2026-06-19 13:40:49] [scraper.immo] INFO [PAGE 062] 10 fiches trouvées
[2026-06-19 13:41:00] [scraper.immo] INFO [PAGE 063] 10 fiches trouvées
[2026-06-19 13:41:11] [scraper.immo] INFO [PAGE 064] 10 fiches trouvées
[2026-06-19 13:41:21] [scraper.immo] INFO [PAGE 065] 10 fiches trouvées
[2026-06-19 13:41:30] [scraper.immo] INFO flush : total=650 (inserted=0 updated=0 unchanged=650)
[2026-06-19 13:41:32] [scraper.immo] INFO [PAGE 066] 10 fiches trouvées
[2026-06-19 13:41:41] [scraper.immo] INFO [PAGE 067] 10 fiches trouvées
[2026-06-19 13:41:52] [scraper.immo] INFO [PAGE 068] 10 fiches trouvées
[2026-06-19 13:42:02] [scraper.immo] INFO [PAGE 069] 10 fiches trouvées
[2026-06-19 13:42:14] [scraper.immo] INFO [PAGE 070] 10 fiches trouvées
[2026-06-19 13:42:23] [scraper.immo] INFO flush : total=700 (inserted=0 updated=0 unchanged=700)
[2026-06-19 13:42:25] [scraper.immo] INFO [PAGE 071] 10 fiches trouvées
[2026-06-19 13:42:35] [scraper.immo] INFO [PAGE 072] 10 fiches trouvées
[2026-06-19 13:42:44] [scraper.immo] INFO [PAGE 073] 10 fiches trouvées
[2026-06-19 13:42:53] [scraper.immo] INFO [PAGE 074] 10 fiches trouvées
[2026-06-19 13:43:03] [scraper.immo] INFO [PAGE 075] 10 fiches trouvées
[2026-06-19 13:43:12] [scraper.immo] INFO flush : total=750 (inserted=0 updated=0 unchanged=750)
[2026-06-19 13:43:14] [scraper.immo] INFO [PAGE 076] 10 fiches trouvées
[2026-06-19 13:43:24] [scraper.immo] INFO [PAGE 077] 10 fiches trouvées
[2026-06-19 13:43:33] [scraper.immo] INFO [PAGE 078] 10 fiches trouvées
[2026-06-19 13:43:46] [scraper.immo] INFO [PAGE 079] 10 fiches trouvées
[2026-06-19 13:43:54] [scraper.immo] INFO [PAGE 080] 10 fiches trouvées
[2026-06-19 13:44:03] [scraper.immo] INFO flush : total=800 (inserted=0 updated=0 unchanged=800)
[2026-06-19 13:44:05] [scraper.immo] INFO [PAGE 081] 10 fiches trouvées
[2026-06-19 13:44:15] [scraper.immo] INFO [PAGE 082] 10 fiches trouvées
[2026-06-19 13:44:25] [scraper.immo] INFO [PAGE 083] 10 fiches trouvées
[2026-06-19 13:44:36] [scraper.immo] INFO [PAGE 084] 10 fiches trouvées
[2026-06-19 13:44:47] [scraper.immo] INFO [PAGE 085] 10 fiches trouvées
[2026-06-19 13:44:55] [scraper.immo] INFO flush : total=850 (inserted=0 updated=0 unchanged=850)
[2026-06-19 13:44:56] [scraper.immo] INFO [PAGE 086] 10 fiches trouvées
[2026-06-19 13:45:07] [scraper.immo] INFO [PAGE 087] 10 fiches trouvées
[2026-06-19 13:45:20] [scraper.immo] INFO [PAGE 088] 10 fiches trouvées
[2026-06-19 13:45:29] [scraper.immo] INFO [PAGE 089] 1 fiches trouvées
[2026-06-19 13:45:32] [scraper.immo] INFO [PAGE 090] 0 fiches trouvées
[2026-06-19 13:45:32] [scraper.immo] INFO [STOP] Plus de résultats page 90
[2026-06-19 13:45:32] [scraper.immo] INFO Fin scraper 'immo' : inserted=0, updated=0, unchanged=881, stale=0
[2026-06-19 13:45:32] [scraper.immo] INFO CSV exporté : exports/immo/base_prospection_immomatin.csv (881 lignes)
[2026-06-19 13:45:32] [scraper.immo] INFO JSONL exporté : exports/immo/base_prospection_immomatin.jsonl (881 lignes)
[2026-06-19 13:45:33] [scraper.immo] INFO XLSX exporté : exports/immo/base_prospection_immomatin.xlsx (881 lignes)
[2026-06-21 09:45:36] [scraper.immo] INFO ======================================================================
[2026-06-21 09:45:36] [scraper.immo] INFO Démarrage scraper 'immo' (mode=update, test=False)
[2026-06-21 09:45:36] [scraper.immo] INFO DB : /home/runner/work/RAPS-Prospection/RAPS-Prospection/data/immo.db
[2026-06-21 09:45:36] [scraper.immo] INFO run_id = a976861fcf594259
[2026-06-21 09:45:37] [scraper.immo] INFO [PAGE 001] 10 fiches trouvées
[2026-06-21 09:45:50] [scraper.immo] INFO [PAGE 002] 10 fiches trouvées
[2026-06-21 09:46:04] [scraper.immo] INFO [PAGE 003] 10 fiches trouvées
[2026-06-21 09:46:16] [scraper.immo] INFO [PAGE 004] 10 fiches trouvées
[2026-06-21 09:46:28] [scraper.immo] INFO [PAGE 005] 10 fiches trouvées
[2026-06-21 09:46:38] [scraper.immo] INFO flush : total=50 (inserted=0 updated=0 unchanged=50)
[2026-06-21 09:46:41] [scraper.immo] INFO [PAGE 006] 10 fiches trouvées
[2026-06-21 09:46:52] [scraper.immo] INFO [PAGE 007] 10 fiches trouvées
[2026-06-21 09:47:04] [scraper.immo] INFO [PAGE 008] 10 fiches trouvées
[2026-06-21 09:47:15] [scraper.immo] INFO [PAGE 009] 10 fiches trouvées
[2026-06-21 09:47:28] [scraper.immo] INFO [PAGE 010] 10 fiches trouvées
[2026-06-21 09:47:37] [scraper.immo] INFO flush : total=100 (inserted=0 updated=0 unchanged=100)
[2026-06-21 09:47:39] [scraper.immo] INFO [PAGE 011] 10 fiches trouvées
[2026-06-21 09:47:50] [scraper.immo] INFO [PAGE 012] 10 fiches trouvées
[2026-06-21 09:48:03] [scraper.immo] INFO [PAGE 013] 10 fiches trouvées
[2026-06-21 09:48:15] [scraper.immo] INFO [PAGE 014] 10 fiches trouvées
[2026-06-21 09:48:26] [scraper.immo] INFO [PAGE 015] 10 fiches trouvées
[2026-06-21 09:48:35] [scraper.immo] INFO flush : total=150 (inserted=0 updated=0 unchanged=150)
[2026-06-21 09:48:38] [scraper.immo] INFO [PAGE 016] 10 fiches trouvées
[2026-06-21 09:48:48] [scraper.immo] INFO [PAGE 017] 10 fiches trouvées
[2026-06-21 09:49:01] [scraper.immo] INFO [PAGE 018] 10 fiches trouvées
[2026-06-21 09:49:12] [scraper.immo] INFO [PAGE 019] 10 fiches trouvées
[2026-06-21 09:49:24] [scraper.immo] INFO [PAGE 020] 10 fiches trouvées
[2026-06-21 09:49:33] [scraper.immo] INFO flush : total=200 (inserted=0 updated=0 unchanged=200)
[2026-06-21 09:49:35] [scraper.immo] INFO [PAGE 021] 10 fiches trouvées
[2026-06-21 09:49:46] [scraper.immo] INFO [PAGE 022] 10 fiches trouvées
[2026-06-21 09:49:59] [scraper.immo] INFO [PAGE 023] 10 fiches trouvées
[2026-06-21 09:50:11] [scraper.immo] INFO [PAGE 024] 10 fiches trouvées
[2026-06-21 09:50:20] [scraper.immo] INFO [PAGE 025] 10 fiches trouvées
[2026-06-21 09:50:29] [scraper.immo] INFO flush : total=250 (inserted=0 updated=0 unchanged=250)
[2026-06-21 09:50:31] [scraper.immo] INFO [PAGE 026] 10 fiches trouvées
[2026-06-21 09:50:42] [scraper.immo] INFO [PAGE 027] 10 fiches trouvées
[2026-06-21 09:50:55] [scraper.immo] INFO [PAGE 028] 10 fiches trouvées
[2026-06-21 09:51:05] [scraper.immo] INFO [PAGE 029] 10 fiches trouvées
[2026-06-21 09:51:15] [scraper.immo] INFO [PAGE 030] 10 fiches trouvées
[2026-06-21 09:51:25] [scraper.immo] INFO flush : total=300 (inserted=0 updated=0 unchanged=300)
[2026-06-21 09:51:27] [scraper.immo] INFO [PAGE 031] 10 fiches trouvées
[2026-06-21 09:51:38] [scraper.immo] INFO [PAGE 032] 10 fiches trouvées
[2026-06-21 09:51:50] [scraper.immo] INFO [PAGE 033] 10 fiches trouvées
[2026-06-21 09:52:01] [scraper.immo] INFO [PAGE 034] 10 fiches trouvées
[2026-06-21 09:52:12] [scraper.immo] INFO [PAGE 035] 10 fiches trouvées
[2026-06-21 09:52:22] [scraper.immo] INFO flush : total=350 (inserted=0 updated=0 unchanged=350)
[2026-06-21 09:52:24] [scraper.immo] INFO [PAGE 036] 10 fiches trouvées
[2026-06-21 09:52:35] [scraper.immo] INFO [PAGE 037] 10 fiches trouvées
[2026-06-21 09:52:47] [scraper.immo] INFO [PAGE 038] 10 fiches trouvées
[2026-06-21 09:52:58] [scraper.immo] INFO [PAGE 039] 10 fiches trouvées
[2026-06-21 09:53:09] [scraper.immo] INFO [PAGE 040] 10 fiches trouvées
[2026-06-21 09:53:18] [scraper.immo] INFO flush : total=400 (inserted=0 updated=0 unchanged=400)
[2026-06-21 09:53:20] [scraper.immo] INFO [PAGE 041] 10 fiches trouvées
[2026-06-21 09:53:31] [scraper.immo] INFO [PAGE 042] 10 fiches trouvées
[2026-06-21 09:53:43] [scraper.immo] INFO [PAGE 043] 10 fiches trouvées
[2026-06-21 09:53:55] [scraper.immo] INFO [PAGE 044] 10 fiches trouvées
[2026-06-21 09:54:07] [scraper.immo] INFO [PAGE 045] 10 fiches trouvées
[2026-06-21 09:54:18] [scraper.immo] INFO flush : total=450 (inserted=0 updated=0 unchanged=450)
[2026-06-21 09:54:20] [scraper.immo] INFO [PAGE 046] 10 fiches trouvées
[2026-06-21 09:54:33] [scraper.immo] INFO [PAGE 047] 10 fiches trouvées
[2026-06-21 09:54:47] [scraper.immo] INFO [PAGE 048] 10 fiches trouvées
[2026-06-21 09:54:57] [scraper.immo] INFO [PAGE 049] 10 fiches trouvées
[2026-06-21 09:55:11] [scraper.immo] INFO [PAGE 050] 10 fiches trouvées
[2026-06-21 09:55:19] [scraper.immo] INFO flush : total=500 (inserted=0 updated=0 unchanged=500)
[2026-06-21 09:55:21] [scraper.immo] INFO [PAGE 051] 10 fiches trouvées
[2026-06-21 09:55:34] [scraper.immo] INFO [PAGE 052] 10 fiches trouvées
[2026-06-21 09:55:45] [scraper.immo] INFO [PAGE 053] 10 fiches trouvées
[2026-06-21 09:55:55] [scraper.immo] INFO [PAGE 054] 10 fiches trouvées
[2026-06-21 09:56:07] [scraper.immo] INFO [PAGE 055] 10 fiches trouvées
[2026-06-21 09:56:15] [scraper.immo] INFO flush : total=550 (inserted=0 updated=0 unchanged=550)
[2026-06-21 09:56:17] [scraper.immo] INFO [PAGE 056] 10 fiches trouvées
[2026-06-21 09:56:29] [scraper.immo] INFO [PAGE 057] 10 fiches trouvées
[2026-06-21 09:56:39] [scraper.immo] INFO [PAGE 058] 10 fiches trouvées
[2026-06-21 09:56:49] [scraper.immo] INFO [PAGE 059] 10 fiches trouvées
[2026-06-21 09:57:01] [scraper.immo] INFO [PAGE 060] 10 fiches trouvées
[2026-06-21 09:57:10] [scraper.immo] INFO flush : total=600 (inserted=0 updated=0 unchanged=600)
[2026-06-21 09:57:12] [scraper.immo] INFO [PAGE 061] 10 fiches trouvées
[2026-06-21 09:57:24] [scraper.immo] INFO [PAGE 062] 10 fiches trouvées
[2026-06-21 09:57:35] [scraper.immo] INFO [PAGE 063] 10 fiches trouvées
[2026-06-21 09:57:48] [scraper.immo] INFO [PAGE 064] 10 fiches trouvées
[2026-06-21 09:57:59] [scraper.immo] INFO [PAGE 065] 10 fiches trouvées
[2026-06-21 09:58:10] [scraper.immo] INFO flush : total=650 (inserted=0 updated=0 unchanged=650)
[2026-06-21 09:58:13] [scraper.immo] INFO [PAGE 066] 10 fiches trouvées
[2026-06-21 09:58:26] [scraper.immo] INFO [PAGE 067] 10 fiches trouvées
[2026-06-21 09:58:37] [scraper.immo] INFO [PAGE 068] 10 fiches trouvées
[2026-06-21 09:58:49] [scraper.immo] INFO [PAGE 069] 10 fiches trouvées
[2026-06-21 09:58:59] [scraper.immo] INFO [PAGE 070] 10 fiches trouvées
[2026-06-21 09:59:08] [scraper.immo] INFO flush : total=700 (inserted=0 updated=0 unchanged=700)
[2026-06-21 09:59:10] [scraper.immo] INFO [PAGE 071] 10 fiches trouvées
[2026-06-21 09:59:24] [scraper.immo] INFO [PAGE 072] 10 fiches trouvées
[2026-06-21 09:59:36] [scraper.immo] INFO [PAGE 073] 10 fiches trouvées
[2026-06-21 09:59:47] [scraper.immo] INFO [PAGE 074] 10 fiches trouvées
[2026-06-21 09:59:59] [scraper.immo] INFO [PAGE 075] 10 fiches trouvées
[2026-06-21 10:00:08] [scraper.immo] INFO flush : total=750 (inserted=0 updated=0 unchanged=750)
[2026-06-21 10:00:09] [scraper.immo] INFO [PAGE 076] 10 fiches trouvées
[2026-06-21 10:00:22] [scraper.immo] INFO [PAGE 077] 10 fiches trouvées
[2026-06-21 10:00:32] [scraper.immo] INFO [PAGE 078] 10 fiches trouvées
[2026-06-21 10:00:44] [scraper.immo] INFO [PAGE 079] 10 fiches trouvées
[2026-06-21 10:00:54] [scraper.immo] INFO [PAGE 080] 10 fiches trouvées
[2026-06-21 10:01:04] [scraper.immo] INFO flush : total=800 (inserted=0 updated=0 unchanged=800)
[2026-06-21 10:01:06] [scraper.immo] INFO [PAGE 081] 10 fiches trouvées
[2026-06-21 10:01:17] [scraper.immo] INFO [PAGE 082] 10 fiches trouvées
[2026-06-21 10:01:29] [scraper.immo] INFO [PAGE 083] 10 fiches trouvées
[2026-06-21 10:01:39] [scraper.immo] INFO [PAGE 084] 10 fiches trouvées
[2026-06-21 10:01:50] [scraper.immo] INFO [PAGE 085] 10 fiches trouvées
[2026-06-21 10:01:59] [scraper.immo] INFO flush : total=850 (inserted=0 updated=0 unchanged=850)
[2026-06-21 10:02:01] [scraper.immo] INFO [PAGE 086] 10 fiches trouvées
[2026-06-21 10:02:15] [scraper.immo] INFO [PAGE 087] 10 fiches trouvées
[2026-06-21 10:02:28] [scraper.immo] INFO [PAGE 088] 10 fiches trouvées
[2026-06-21 10:02:41] [scraper.immo] INFO [PAGE 089] 1 fiches trouvées
[2026-06-21 10:02:43] [scraper.immo] INFO [PAGE 090] 0 fiches trouvées
[2026-06-21 10:02:43] [scraper.immo] INFO [STOP] Plus de résultats page 90
[2026-06-21 10:02:43] [scraper.immo] INFO Fin scraper 'immo' : inserted=0, updated=0, unchanged=881, stale=0
[2026-06-21 10:02:43] [scraper.immo] INFO CSV exporté : exports/immo/base_prospection_immomatin.csv (881 lignes)
[2026-06-21 10:02:43] [scraper.immo] INFO JSONL exporté : exports/immo/base_prospection_immomatin.jsonl (881 lignes)
[2026-06-21 10:02:44] [scraper.immo] INFO XLSX exporté : exports/immo/base_prospection_immomatin.xlsx (881 lignes)
[2026-06-28 08:50:54] [scraper.immo] INFO ======================================================================
[2026-06-28 08:50:54] [scraper.immo] INFO Démarrage scraper 'immo' (mode=update, test=False)
[2026-06-28 08:50:54] [scraper.immo] INFO DB : /home/runner/work/RAPS-Prospection/RAPS-Prospection/data/immo.db
[2026-06-28 08:50:54] [scraper.immo] INFO run_id = 5613b8512b184291
[2026-06-28 08:50:55] [scraper.immo] INFO [PAGE 001] 10 fiches trouvées
[2026-06-28 08:51:05] [scraper.immo] INFO [PAGE 002] 10 fiches trouvées
[2026-06-28 08:51:14] [scraper.immo] INFO [PAGE 003] 10 fiches trouvées
[2026-06-28 08:51:26] [scraper.immo] INFO [PAGE 004] 10 fiches trouvées
[2026-06-28 08:51:36] [scraper.immo] INFO [PAGE 005] 10 fiches trouvées
[2026-06-28 08:51:43] [scraper.immo] INFO flush : total=50 (inserted=0 updated=0 unchanged=50)
[2026-06-28 08:51:45] [scraper.immo] INFO [PAGE 006] 10 fiches trouvées
[2026-06-28 08:51:55] [scraper.immo] INFO [PAGE 007] 10 fiches trouvées
[2026-06-28 08:52:05] [scraper.immo] INFO [PAGE 008] 10 fiches trouvées
[2026-06-28 08:52:14] [scraper.immo] INFO [PAGE 009] 10 fiches trouvées
[2026-06-28 08:52:24] [scraper.immo] INFO [PAGE 010] 10 fiches trouvées
[2026-06-28 08:52:33] [scraper.immo] INFO flush : total=100 (inserted=0 updated=0 unchanged=100)
[2026-06-28 08:52:35] [scraper.immo] INFO [PAGE 011] 10 fiches trouvées
[2026-06-28 08:52:44] [scraper.immo] INFO [PAGE 012] 10 fiches trouvées
[2026-06-28 08:52:56] [scraper.immo] INFO [PAGE 013] 10 fiches trouvées
[2026-06-28 08:53:06] [scraper.immo] INFO [PAGE 014] 10 fiches trouvées
[2026-06-28 08:53:17] [scraper.immo] INFO [PAGE 015] 10 fiches trouvées
[2026-06-28 08:53:24] [scraper.immo] INFO flush : total=150 (inserted=0 updated=0 unchanged=150)
[2026-06-28 08:53:26] [scraper.immo] INFO [PAGE 016] 10 fiches trouvées
[2026-06-28 08:53:37] [scraper.immo] INFO [PAGE 017] 10 fiches trouvées
[2026-06-28 08:53:47] [scraper.immo] INFO [PAGE 018] 10 fiches trouvées
[2026-06-28 08:53:57] [scraper.immo] INFO [PAGE 019] 10 fiches trouvées
[2026-06-28 08:54:07] [scraper.immo] INFO [PAGE 020] 10 fiches trouvées
[2026-06-28 08:54:15] [scraper.immo] INFO flush : total=200 (inserted=0 updated=0 unchanged=200)
[2026-06-28 08:54:17] [scraper.immo] INFO [PAGE 021] 10 fiches trouvées
[2026-06-28 08:54:26] [scraper.immo] INFO [PAGE 022] 10 fiches trouvées
[2026-06-28 08:54:36] [scraper.immo] INFO [PAGE 023] 10 fiches trouvées
[2026-06-28 08:54:46] [scraper.immo] INFO [PAGE 024] 10 fiches trouvées
[2026-06-28 08:54:56] [scraper.immo] INFO [PAGE 025] 10 fiches trouvées
[2026-06-28 08:55:05] [scraper.immo] INFO flush : total=250 (inserted=0 updated=0 unchanged=250)
[2026-06-28 08:55:08] [scraper.immo] INFO [PAGE 026] 10 fiches trouvées
[2026-06-28 08:55:17] [scraper.immo] INFO [PAGE 027] 10 fiches trouvées
[2026-06-28 08:55:27] [scraper.immo] INFO [PAGE 028] 10 fiches trouvées
[2026-06-28 08:55:38] [scraper.immo] INFO [PAGE 029] 10 fiches trouvées
[2026-06-28 08:55:49] [scraper.immo] INFO [PAGE 030] 10 fiches trouvées
[2026-06-28 08:55:56] [scraper.immo] INFO flush : total=300 (inserted=0 updated=0 unchanged=300)
[2026-06-28 08:55:58] [scraper.immo] INFO [PAGE 031] 10 fiches trouvées
[2026-06-28 08:56:11] [scraper.immo] INFO [PAGE 032] 10 fiches trouvées
[2026-06-28 08:56:21] [scraper.immo] INFO [PAGE 033] 10 fiches trouvées
[2026-06-28 08:56:30] [scraper.immo] INFO [PAGE 034] 10 fiches trouvées
[2026-06-28 08:56:39] [scraper.immo] INFO [PAGE 035] 10 fiches trouvées
[2026-06-28 08:56:46] [scraper.immo] INFO flush : total=350 (inserted=0 updated=0 unchanged=350)
[2026-06-28 08:56:49] [scraper.immo] INFO [PAGE 036] 10 fiches trouvées
[2026-06-28 08:56:58] [scraper.immo] INFO [PAGE 037] 10 fiches trouvées
[2026-06-28 08:57:09] [scraper.immo] INFO [PAGE 038] 10 fiches trouvées
[2026-06-28 08:57:20] [scraper.immo] INFO [PAGE 039] 10 fiches trouvées
[2026-06-28 08:57:29] [scraper.immo] INFO [PAGE 040] 10 fiches trouvées
[2026-06-28 08:57:37] [scraper.immo] INFO flush : total=400 (inserted=0 updated=0 unchanged=400)
[2026-06-28 08:57:39] [scraper.immo] INFO [PAGE 041] 10 fiches trouvées
[2026-06-28 08:57:49] [scraper.immo] INFO [PAGE 042] 10 fiches trouvées
[2026-06-28 08:57:59] [scraper.immo] INFO [PAGE 043] 10 fiches trouvées
[2026-06-28 08:58:08] [scraper.immo] INFO [PAGE 044] 10 fiches trouvées
[2026-06-28 08:58:19] [scraper.immo] INFO [PAGE 045] 10 fiches trouvées
[2026-06-28 08:58:27] [scraper.immo] INFO flush : total=450 (inserted=0 updated=0 unchanged=450)
[2026-06-28 08:58:29] [scraper.immo] INFO [PAGE 046] 10 fiches trouvées
[2026-06-28 08:58:39] [scraper.immo] INFO [PAGE 047] 10 fiches trouvées
[2026-06-28 08:58:49] [scraper.immo] INFO [PAGE 048] 10 fiches trouvées
[2026-06-28 08:58:58] [scraper.immo] INFO [PAGE 049] 10 fiches trouvées
[2026-06-28 08:59:08] [scraper.immo] INFO [PAGE 050] 10 fiches trouvées
[2026-06-28 08:59:16] [scraper.immo] INFO flush : total=500 (inserted=0 updated=0 unchanged=500)
[2026-06-28 08:59:18] [scraper.immo] INFO [PAGE 051] 10 fiches trouvées
[2026-06-28 08:59:28] [scraper.immo] INFO [PAGE 052] 10 fiches trouvées
[2026-06-28 08:59:37] [scraper.immo] INFO [PAGE 053] 10 fiches trouvées
[2026-06-28 08:59:47] [scraper.immo] INFO [PAGE 054] 10 fiches trouvées
[2026-06-28 08:59:56] [scraper.immo] INFO [PAGE 055] 10 fiches trouvées
[2026-06-28 09:00:05] [scraper.immo] INFO flush : total=550 (inserted=0 updated=0 unchanged=550)
[2026-06-28 09:00:08] [scraper.immo] INFO [PAGE 056] 10 fiches trouvées
[2026-06-28 09:00:19] [scraper.immo] INFO [PAGE 057] 10 fiches trouvées
[2026-06-28 09:00:30] [scraper.immo] INFO [PAGE 058] 10 fiches trouvées
[2026-06-28 09:00:41] [scraper.immo] INFO [PAGE 059] 10 fiches trouvées
[2026-06-28 09:00:50] [scraper.immo] INFO [PAGE 060] 10 fiches trouvées
[2026-06-28 09:00:57] [scraper.immo] INFO flush : total=600 (inserted=0 updated=0 unchanged=600)
[2026-06-28 09:00:59] [scraper.immo] INFO [PAGE 061] 10 fiches trouvées
[2026-06-28 09:01:09] [scraper.immo] INFO [PAGE 062] 10 fiches trouvées
[2026-06-28 09:01:19] [scraper.immo] INFO [PAGE 063] 10 fiches trouvées
[2026-06-28 09:01:28] [scraper.immo] INFO [PAGE 064] 10 fiches trouvées
[2026-06-28 09:01:38] [scraper.immo] INFO [PAGE 065] 10 fiches trouvées
[2026-06-28 09:01:45] [scraper.immo] INFO flush : total=650 (inserted=0 updated=0 unchanged=650)
[2026-06-28 09:01:48] [scraper.immo] INFO [PAGE 066] 10 fiches trouvées
[2026-06-28 09:01:58] [scraper.immo] INFO [PAGE 067] 10 fiches trouvées
[2026-06-28 09:02:09] [scraper.immo] INFO [PAGE 068] 10 fiches trouvées
[2026-06-28 09:02:19] [scraper.immo] INFO [PAGE 069] 10 fiches trouvées
[2026-06-28 09:02:29] [scraper.immo] INFO [PAGE 070] 10 fiches trouvées
[2026-06-28 09:02:37] [scraper.immo] INFO flush : total=700 (inserted=0 updated=0 unchanged=700)
[2026-06-28 09:02:40] [scraper.immo] INFO [PAGE 071] 10 fiches trouvées
[2026-06-28 09:02:48] [scraper.immo] INFO [PAGE 072] 10 fiches trouvées
[2026-06-28 09:02:57] [scraper.immo] INFO [PAGE 073] 10 fiches trouvées
[2026-06-28 09:03:08] [scraper.immo] INFO [PAGE 074] 10 fiches trouvées
[2026-06-28 09:03:18] [scraper.immo] INFO [PAGE 075] 10 fiches trouvées
[2026-06-28 09:03:26] [scraper.immo] INFO flush : total=750 (inserted=0 updated=0 unchanged=750)
[2026-06-28 09:03:28] [scraper.immo] INFO [PAGE 076] 10 fiches trouvées
[2026-06-28 09:03:39] [scraper.immo] INFO [PAGE 077] 10 fiches trouvées
[2026-06-28 09:03:49] [scraper.immo] INFO [PAGE 078] 10 fiches trouvées
[2026-06-28 09:03:59] [scraper.immo] INFO [PAGE 079] 10 fiches trouvées
[2026-06-28 09:04:10] [scraper.immo] INFO [PAGE 080] 10 fiches trouvées
[2026-06-28 09:04:18] [scraper.immo] INFO flush : total=800 (inserted=0 updated=0 unchanged=800)
[2026-06-28 09:04:20] [scraper.immo] INFO [PAGE 081] 10 fiches trouvées
[2026-06-28 09:04:30] [scraper.immo] INFO [PAGE 082] 10 fiches trouvées
[2026-06-28 09:04:41] [scraper.immo] INFO [PAGE 083] 10 fiches trouvées
[2026-06-28 09:04:52] [scraper.immo] INFO [PAGE 084] 10 fiches trouvées
[2026-06-28 09:05:01] [scraper.immo] INFO [PAGE 085] 10 fiches trouvées
[2026-06-28 09:05:09] [scraper.immo] INFO flush : total=850 (inserted=0 updated=0 unchanged=850)
[2026-06-28 09:05:11] [scraper.immo] INFO [PAGE 086] 10 fiches trouvées
[2026-06-28 09:05:22] [scraper.immo] INFO [PAGE 087] 10 fiches trouvées
[2026-06-28 09:05:33] [scraper.immo] INFO [PAGE 088] 10 fiches trouvées
[2026-06-28 09:05:44] [scraper.immo] INFO [PAGE 089] 1 fiches trouvées
[2026-06-28 09:05:47] [scraper.immo] INFO [PAGE 090] 0 fiches trouvées
[2026-06-28 09:05:47] [scraper.immo] INFO [STOP] Plus de résultats page 90
[2026-06-28 09:05:47] [scraper.immo] INFO Fin scraper 'immo' : inserted=0, updated=0, unchanged=881, stale=0
[2026-06-28 09:05:47] [scraper.immo] INFO CSV exporté : exports/immo/base_prospection_immomatin.csv (881 lignes)
[2026-06-28 09:05:47] [scraper.immo] INFO JSONL exporté : exports/immo/base_prospection_immomatin.jsonl (881 lignes)
[2026-06-28 09:05:48] [scraper.immo] INFO XLSX exporté : exports/immo/base_prospection_immomatin.xlsx (881 lignes)
[2026-07-05 08:52:52] [scraper.immo] INFO ======================================================================
[2026-07-05 08:52:52] [scraper.immo] INFO Démarrage scraper 'immo' (mode=update, test=False)
[2026-07-05 08:52:52] [scraper.immo] INFO DB : /home/runner/work/RAPS-Prospection/RAPS-Prospection/data/immo.db
[2026-07-05 08:52:52] [scraper.immo] INFO run_id = c3128ef7ebc84ed2
[2026-07-05 08:52:53] [scraper.immo] INFO [PAGE 001] 10 fiches trouvées
[2026-07-05 08:53:06] [scraper.immo] INFO [PAGE 002] 10 fiches trouvées
[2026-07-05 08:53:17] [scraper.immo] INFO [PAGE 003] 10 fiches trouvées
[2026-07-05 08:53:28] [scraper.immo] INFO [PAGE 004] 10 fiches trouvées
[2026-07-05 08:53:37] [scraper.immo] INFO [PAGE 005] 10 fiches trouvées
[2026-07-05 08:53:44] [scraper.immo] INFO flush : total=50 (inserted=0 updated=0 unchanged=50)
[2026-07-05 08:53:47] [scraper.immo] INFO [PAGE 006] 10 fiches trouvées
[2026-07-05 08:53:57] [scraper.immo] INFO [PAGE 007] 10 fiches trouvées
[2026-07-05 08:54:06] [scraper.immo] INFO [PAGE 008] 10 fiches trouvées
[2026-07-05 08:54:16] [scraper.immo] INFO [PAGE 009] 10 fiches trouvées
[2026-07-05 08:54:29] [scraper.immo] INFO [PAGE 010] 10 fiches trouvées
[2026-07-05 08:54:37] [scraper.immo] INFO flush : total=100 (inserted=0 updated=0 unchanged=100)
[2026-07-05 08:54:39] [scraper.immo] INFO [PAGE 011] 10 fiches trouvées
[2026-07-05 08:54:50] [scraper.immo] INFO [PAGE 012] 10 fiches trouvées
[2026-07-05 08:55:01] [scraper.immo] INFO [PAGE 013] 10 fiches trouvées
[2026-07-05 08:55:13] [scraper.immo] INFO [PAGE 014] 10 fiches trouvées
[2026-07-05 08:55:23] [scraper.immo] INFO [PAGE 015] 10 fiches trouvées
[2026-07-05 08:55:31] [scraper.immo] INFO flush : total=150 (inserted=0 updated=0 unchanged=150)
[2026-07-05 08:55:33] [scraper.immo] INFO [PAGE 016] 10 fiches trouvées
[2026-07-05 08:55:44] [scraper.immo] INFO [PAGE 017] 10 fiches trouvées
[2026-07-05 08:55:54] [scraper.immo] INFO [PAGE 018] 10 fiches trouvées
[2026-07-05 08:56:05] [scraper.immo] INFO [PAGE 019] 10 fiches trouvées
[2026-07-05 08:56:18] [scraper.immo] INFO [PAGE 020] 10 fiches trouvées
[2026-07-05 08:56:26] [scraper.immo] INFO flush : total=200 (inserted=1 updated=4 unchanged=195)
[2026-07-05 08:56:28] [scraper.immo] INFO [PAGE 021] 10 fiches trouvées
[2026-07-05 08:56:38] [scraper.immo] INFO [PAGE 022] 10 fiches trouvées
[2026-07-05 08:56:48] [scraper.immo] INFO [PAGE 023] 10 fiches trouvées
[2026-07-05 08:56:58] [scraper.immo] INFO [PAGE 024] 10 fiches trouvées
[2026-07-05 08:57:08] [scraper.immo] INFO [PAGE 025] 10 fiches trouvées
[2026-07-05 08:57:17] [scraper.immo] INFO flush : total=250 (inserted=1 updated=9 unchanged=240)
[2026-07-05 08:57:18] [scraper.immo] INFO [PAGE 026] 10 fiches trouvées
[2026-07-05 08:57:29] [scraper.immo] INFO [PAGE 027] 10 fiches trouvées
[2026-07-05 08:57:37] [scraper.immo] INFO [PAGE 028] 10 fiches trouvées
[2026-07-05 08:57:48] [scraper.immo] INFO [PAGE 029] 10 fiches trouvées
[2026-07-05 08:57:59] [scraper.immo] INFO [PAGE 030] 10 fiches trouvées
[2026-07-05 08:58:08] [scraper.immo] INFO flush : total=300 (inserted=1 updated=14 unchanged=285)
[2026-07-05 08:58:10] [scraper.immo] INFO [PAGE 031] 10 fiches trouvées
[2026-07-05 08:58:21] [scraper.immo] INFO [PAGE 032] 10 fiches trouvées
[2026-07-05 08:58:30] [scraper.immo] INFO [PAGE 033] 10 fiches trouvées
[2026-07-05 08:58:39] [scraper.immo] INFO [PAGE 034] 10 fiches trouvées
[2026-07-05 08:58:49] [scraper.immo] INFO [PAGE 035] 10 fiches trouvées
[2026-07-05 08:58:57] [scraper.immo] INFO flush : total=350 (inserted=1 updated=19 unchanged=330)
[2026-07-05 08:58:59] [scraper.immo] INFO [PAGE 036] 10 fiches trouvées
[2026-07-05 08:59:09] [scraper.immo] INFO [PAGE 037] 10 fiches trouvées
[2026-07-05 08:59:19] [scraper.immo] INFO [PAGE 038] 10 fiches trouvées
[2026-07-05 08:59:29] [scraper.immo] INFO [PAGE 039] 10 fiches trouvées
[2026-07-05 08:59:39] [scraper.immo] INFO [PAGE 040] 10 fiches trouvées
[2026-07-05 08:59:49] [scraper.immo] INFO flush : total=400 (inserted=1 updated=24 unchanged=375)
[2026-07-05 08:59:51] [scraper.immo] INFO [PAGE 041] 10 fiches trouvées
[2026-07-05 09:00:02] [scraper.immo] INFO [PAGE 042] 10 fiches trouvées
[2026-07-05 09:00:15] [scraper.immo] INFO [PAGE 043] 10 fiches trouvées
[2026-07-05 09:00:27] [scraper.immo] INFO [PAGE 044] 10 fiches trouvées
[2026-07-05 09:00:39] [scraper.immo] INFO [PAGE 045] 10 fiches trouvées
[2026-07-05 09:00:46] [scraper.immo] INFO flush : total=450 (inserted=1 updated=29 unchanged=420)
[2026-07-05 09:00:48] [scraper.immo] INFO [PAGE 046] 10 fiches trouvées
[2026-07-05 09:00:58] [scraper.immo] INFO [PAGE 047] 10 fiches trouvées
[2026-07-05 09:01:09] [scraper.immo] INFO [PAGE 048] 10 fiches trouvées
[2026-07-05 09:01:20] [scraper.immo] INFO [PAGE 049] 10 fiches trouvées
[2026-07-05 09:01:30] [scraper.immo] INFO [PAGE 050] 10 fiches trouvées
[2026-07-05 09:01:38] [scraper.immo] INFO flush : total=500 (inserted=1 updated=34 unchanged=465)
[2026-07-05 09:01:40] [scraper.immo] INFO [PAGE 051] 10 fiches trouvées
[2026-07-05 09:01:50] [scraper.immo] INFO [PAGE 052] 10 fiches trouvées
[2026-07-05 09:02:02] [scraper.immo] INFO [PAGE 053] 10 fiches trouvées
[2026-07-05 09:02:11] [scraper.immo] INFO [PAGE 054] 10 fiches trouvées
[2026-07-05 09:02:21] [scraper.immo] INFO [PAGE 055] 10 fiches trouvées
[2026-07-05 09:02:30] [scraper.immo] INFO flush : total=550 (inserted=1 updated=39 unchanged=510)
[2026-07-05 09:02:32] [scraper.immo] INFO [PAGE 056] 10 fiches trouvées
[2026-07-05 09:02:42] [scraper.immo] INFO [PAGE 057] 10 fiches trouvées
[2026-07-05 09:02:54] [scraper.immo] INFO [PAGE 058] 10 fiches trouvées
[2026-07-05 09:03:05] [scraper.immo] INFO [PAGE 059] 10 fiches trouvées
[2026-07-05 09:03:15] [scraper.immo] INFO [PAGE 060] 10 fiches trouvées
[2026-07-05 09:03:23] [scraper.immo] INFO flush : total=600 (inserted=1 updated=44 unchanged=555)
[2026-07-05 09:03:25] [scraper.immo] INFO [PAGE 061] 10 fiches trouvées
[2026-07-05 09:03:35] [scraper.immo] INFO [PAGE 062] 10 fiches trouvées
[2026-07-05 09:03:46] [scraper.immo] INFO [PAGE 063] 10 fiches trouvées
[2026-07-05 09:03:55] [scraper.immo] INFO [PAGE 064] 10 fiches trouvées
[2026-07-05 09:04:06] [scraper.immo] INFO [PAGE 065] 10 fiches trouvées
[2026-07-05 09:04:13] [scraper.immo] INFO flush : total=650 (inserted=1 updated=49 unchanged=600)
[2026-07-05 09:04:19] [scraper.immo] INFO [PAGE 066] 10 fiches trouvées
[2026-07-05 09:04:30] [scraper.immo] INFO [PAGE 067] 10 fiches trouvées
[2026-07-05 09:04:40] [scraper.immo] INFO [PAGE 068] 10 fiches trouvées
[2026-07-05 09:04:50] [scraper.immo] INFO [PAGE 069] 10 fiches trouvées
[2026-07-05 09:05:00] [scraper.immo] INFO [PAGE 070] 10 fiches trouvées
[2026-07-05 09:05:10] [scraper.immo] INFO flush : total=700 (inserted=1 updated=54 unchanged=645)
[2026-07-05 09:05:12] [scraper.immo] INFO [PAGE 071] 10 fiches trouvées
[2026-07-05 09:05:22] [scraper.immo] INFO [PAGE 072] 10 fiches trouvées
[2026-07-05 09:05:32] [scraper.immo] INFO [PAGE 073] 10 fiches trouvées
[2026-07-05 09:05:43] [scraper.immo] INFO [PAGE 074] 10 fiches trouvées
[2026-07-05 09:05:51] [scraper.immo] INFO [PAGE 075] 10 fiches trouvées
[2026-07-05 09:06:00] [scraper.immo] INFO flush : total=750 (inserted=1 updated=59 unchanged=690)
[2026-07-05 09:06:02] [scraper.immo] INFO [PAGE 076] 10 fiches trouvées
[2026-07-05 09:06:12] [scraper.immo] INFO [PAGE 077] 10 fiches trouvées
[2026-07-05 09:06:22] [scraper.immo] INFO [PAGE 078] 10 fiches trouvées
[2026-07-05 09:06:31] [scraper.immo] INFO [PAGE 079] 10 fiches trouvées
[2026-07-05 09:06:41] [scraper.immo] INFO [PAGE 080] 10 fiches trouvées
[2026-07-05 09:06:49] [scraper.immo] INFO flush : total=800 (inserted=1 updated=64 unchanged=735)
[2026-07-05 09:06:51] [scraper.immo] INFO [PAGE 081] 10 fiches trouvées
[2026-07-05 09:07:01] [scraper.immo] INFO [PAGE 082] 10 fiches trouvées
[2026-07-05 09:07:11] [scraper.immo] INFO [PAGE 083] 10 fiches trouvées
[2026-07-05 09:07:21] [scraper.immo] INFO [PAGE 084] 10 fiches trouvées
[2026-07-05 09:07:33] [scraper.immo] INFO [PAGE 085] 10 fiches trouvées
[2026-07-05 09:07:42] [scraper.immo] INFO flush : total=850 (inserted=1 updated=69 unchanged=780)
[2026-07-05 09:07:43] [scraper.immo] INFO [PAGE 086] 10 fiches trouvées
[2026-07-05 09:07:54] [scraper.immo] INFO [PAGE 087] 10 fiches trouvées
[2026-07-05 09:08:03] [scraper.immo] INFO [PAGE 088] 10 fiches trouvées
[2026-07-05 09:08:13] [scraper.immo] INFO [PAGE 089] 2 fiches trouvées
[2026-07-05 09:08:16] [scraper.immo] INFO [PAGE 090] 0 fiches trouvées
[2026-07-05 09:08:16] [scraper.immo] INFO [STOP] Plus de résultats page 90
[2026-07-05 09:08:16] [scraper.immo] INFO Fin scraper 'immo' : inserted=1, updated=73, unchanged=808, stale=0
[2026-07-05 09:08:16] [scraper.immo] INFO CSV exporté : exports/immo/base_prospection_immomatin.csv (882 lignes)
[2026-07-05 09:08:16] [scraper.immo] INFO JSONL exporté : exports/immo/base_prospection_immomatin.jsonl (882 lignes)
[2026-07-05 09:08:17] [scraper.immo] INFO XLSX exporté : exports/immo/base_prospection_immomatin.xlsx (882 lignes)
[2026-07-12 08:10:21] [scraper.immo] INFO ======================================================================
[2026-07-12 08:10:21] [scraper.immo] INFO Démarrage scraper 'immo' (mode=update, test=False)
[2026-07-12 08:10:21] [scraper.immo] INFO DB : /home/runner/work/RAPS-Prospection/RAPS-Prospection/data/immo.db
[2026-07-12 08:10:21] [scraper.immo] INFO run_id = 192dbe4a276245a3
[2026-07-12 08:10:21] [scraper.immo] INFO [PAGE 001] 10 fiches trouvées
[2026-07-12 08:10:33] [scraper.immo] INFO [PAGE 002] 10 fiches trouvées
[2026-07-12 08:10:47] [scraper.immo] INFO [PAGE 003] 10 fiches trouvées
[2026-07-12 08:11:00] [scraper.immo] INFO [PAGE 004] 10 fiches trouvées
[2026-07-12 08:11:12] [scraper.immo] INFO [PAGE 005] 10 fiches trouvées
[2026-07-12 08:11:22] [scraper.immo] INFO flush : total=50 (inserted=0 updated=0 unchanged=50)
[2026-07-12 08:11:25] [scraper.immo] INFO [PAGE 006] 10 fiches trouvées
[2026-07-12 08:11:36] [scraper.immo] INFO [PAGE 007] 10 fiches trouvées
[2026-07-12 08:11:46] [scraper.immo] INFO [PAGE 008] 10 fiches trouvées
[2026-07-12 08:11:56] [scraper.immo] INFO [PAGE 009] 10 fiches trouvées
[2026-07-12 08:12:07] [scraper.immo] INFO [PAGE 010] 10 fiches trouvées
[2026-07-12 08:12:15] [scraper.immo] INFO flush : total=100 (inserted=0 updated=0 unchanged=100)
[2026-07-12 08:12:17] [scraper.immo] INFO [PAGE 011] 10 fiches trouvées
[2026-07-12 08:12:28] [scraper.immo] INFO [PAGE 012] 10 fiches trouvées
[2026-07-12 08:12:38] [scraper.immo] INFO [PAGE 013] 10 fiches trouvées
[2026-07-12 08:12:47] [scraper.immo] INFO [PAGE 014] 10 fiches trouvées
[2026-07-12 08:12:58] [scraper.immo] INFO [PAGE 015] 10 fiches trouvées
[2026-07-12 08:13:07] [scraper.immo] INFO flush : total=150 (inserted=0 updated=0 unchanged=150)
[2026-07-12 08:13:08] [scraper.immo] INFO [PAGE 016] 10 fiches trouvées
[2026-07-12 08:13:19] [scraper.immo] INFO [PAGE 017] 10 fiches trouvées
[2026-07-12 08:13:30] [scraper.immo] INFO [PAGE 018] 10 fiches trouvées
[2026-07-12 08:13:40] [scraper.immo] INFO [PAGE 019] 10 fiches trouvées
[2026-07-12 08:13:52] [scraper.immo] INFO [PAGE 020] 10 fiches trouvées
[2026-07-12 08:13:59] [scraper.immo] INFO flush : total=200 (inserted=0 updated=0 unchanged=200)
[2026-07-12 08:14:00] [scraper.immo] INFO [PAGE 021] 10 fiches trouvées
[2026-07-12 08:14:10] [scraper.immo] INFO [PAGE 022] 10 fiches trouvées
[2026-07-12 08:14:21] [scraper.immo] INFO [PAGE 023] 10 fiches trouvées
[2026-07-12 08:14:31] [scraper.immo] INFO [PAGE 024] 10 fiches trouvées
[2026-07-12 08:14:42] [scraper.immo] INFO [PAGE 025] 10 fiches trouvées
[2026-07-12 08:14:52] [scraper.immo] INFO flush : total=250 (inserted=0 updated=0 unchanged=250)
[2026-07-12 08:14:53] [scraper.immo] INFO [PAGE 026] 10 fiches trouvées
[2026-07-12 08:15:04] [scraper.immo] INFO [PAGE 027] 10 fiches trouvées
[2026-07-12 08:15:14] [scraper.immo] INFO [PAGE 028] 10 fiches trouvées
[2026-07-12 08:15:26] [scraper.immo] INFO [PAGE 029] 10 fiches trouvées
[2026-07-12 08:15:35] [scraper.immo] INFO [PAGE 030] 10 fiches trouvées
[2026-07-12 08:15:42] [scraper.immo] INFO flush : total=300 (inserted=0 updated=0 unchanged=300)
[2026-07-12 08:15:44] [scraper.immo] INFO [PAGE 031] 10 fiches trouvées
[2026-07-12 08:15:53] [scraper.immo] INFO [PAGE 032] 10 fiches trouvées
[2026-07-12 08:16:04] [scraper.immo] INFO [PAGE 033] 10 fiches trouvées
[2026-07-12 08:16:14] [scraper.immo] INFO [PAGE 034] 10 fiches trouvées
[2026-07-12 08:16:25] [scraper.immo] INFO [PAGE 035] 10 fiches trouvées
[2026-07-12 08:16:34] [scraper.immo] INFO flush : total=350 (inserted=0 updated=0 unchanged=350)
[2026-07-12 08:16:36] [scraper.immo] INFO [PAGE 036] 10 fiches trouvées
[2026-07-12 08:16:47] [scraper.immo] INFO [PAGE 037] 10 fiches trouvées
[2026-07-12 08:16:56] [scraper.immo] INFO [PAGE 038] 10 fiches trouvées
[2026-07-12 08:17:07] [scraper.immo] INFO [PAGE 039] 10 fiches trouvées
[2026-07-12 08:17:18] [scraper.immo] INFO [PAGE 040] 10 fiches trouvées
[2026-07-12 08:17:29] [scraper.immo] INFO flush : total=400 (inserted=0 updated=0 unchanged=400)
[2026-07-12 08:17:31] [scraper.immo] INFO [PAGE 041] 10 fiches trouvées
[2026-07-12 08:17:41] [scraper.immo] INFO [PAGE 042] 10 fiches trouvées
[2026-07-12 08:17:50] [scraper.immo] INFO [PAGE 043] 10 fiches trouvées
[2026-07-12 08:18:02] [scraper.immo] INFO [PAGE 044] 10 fiches trouvées
[2026-07-12 08:18:13] [scraper.immo] INFO [PAGE 045] 10 fiches trouvées
[2026-07-12 08:18:21] [scraper.immo] INFO flush : total=450 (inserted=0 updated=0 unchanged=450)
[2026-07-12 08:18:23] [scraper.immo] INFO [PAGE 046] 10 fiches trouvées
[2026-07-12 08:18:34] [scraper.immo] INFO [PAGE 047] 10 fiches trouvées
[2026-07-12 08:18:45] [scraper.immo] INFO [PAGE 048] 10 fiches trouvées
[2026-07-12 08:18:55] [scraper.immo] INFO [PAGE 049] 10 fiches trouvées
[2026-07-12 08:19:06] [scraper.immo] INFO [PAGE 050] 10 fiches trouvées
[2026-07-12 08:19:16] [scraper.immo] INFO flush : total=500 (inserted=0 updated=0 unchanged=500)
[2026-07-12 08:19:19] [scraper.immo] INFO [PAGE 051] 10 fiches trouvées
[2026-07-12 08:19:29] [scraper.immo] INFO [PAGE 052] 10 fiches trouvées
[2026-07-12 08:19:40] [scraper.immo] INFO [PAGE 053] 10 fiches trouvées
[2026-07-12 08:19:50] [scraper.immo] INFO [PAGE 054] 10 fiches trouvées
[2026-07-12 08:20:01] [scraper.immo] INFO [PAGE 055] 10 fiches trouvées
[2026-07-12 08:20:11] [scraper.immo] INFO flush : total=550 (inserted=0 updated=0 unchanged=550)
[2026-07-12 08:20:12] [scraper.immo] INFO [PAGE 056] 10 fiches trouvées
[2026-07-12 08:20:22] [scraper.immo] INFO [PAGE 057] 10 fiches trouvées
[2026-07-12 08:20:33] [scraper.immo] INFO [PAGE 058] 10 fiches trouvées
[2026-07-12 08:20:44] [scraper.immo] INFO [PAGE 059] 10 fiches trouvées
[2026-07-12 08:20:54] [scraper.immo] INFO [PAGE 060] 10 fiches trouvées
[2026-07-12 08:21:01] [scraper.immo] INFO flush : total=600 (inserted=0 updated=0 unchanged=600)
[2026-07-12 08:21:03] [scraper.immo] INFO [PAGE 061] 10 fiches trouvées
[2026-07-12 08:21:14] [scraper.immo] INFO [PAGE 062] 10 fiches trouvées
[2026-07-12 08:21:24] [scraper.immo] INFO [PAGE 063] 10 fiches trouvées
[2026-07-12 08:21:36] [scraper.immo] INFO [PAGE 064] 10 fiches trouvées
[2026-07-12 08:21:45] [scraper.immo] INFO [PAGE 065] 10 fiches trouvées
[2026-07-12 08:21:53] [scraper.immo] INFO flush : total=650 (inserted=0 updated=0 unchanged=650)
[2026-07-12 08:21:55] [scraper.immo] INFO [PAGE 066] 10 fiches trouvées
[2026-07-12 08:22:05] [scraper.immo] INFO [PAGE 067] 10 fiches trouvées
[2026-07-12 08:22:15] [scraper.immo] INFO [PAGE 068] 10 fiches trouvées
[2026-07-12 08:22:26] [scraper.immo] INFO [PAGE 069] 10 fiches trouvées
[2026-07-12 08:22:36] [scraper.immo] INFO [PAGE 070] 10 fiches trouvées
[2026-07-12 08:22:43] [scraper.immo] INFO flush : total=700 (inserted=0 updated=0 unchanged=700)
[2026-07-12 08:22:44] [scraper.immo] INFO [PAGE 071] 10 fiches trouvées
[2026-07-12 08:22:54] [scraper.immo] INFO [PAGE 072] 10 fiches trouvées
[2026-07-12 08:23:06] [scraper.immo] INFO [PAGE 073] 10 fiches trouvées
[2026-07-12 08:23:17] [scraper.immo] INFO [PAGE 074] 10 fiches trouvées
[2026-07-12 08:23:27] [scraper.immo] INFO [PAGE 075] 10 fiches trouvées
[2026-07-12 08:23:36] [scraper.immo] INFO flush : total=750 (inserted=0 updated=0 unchanged=750)
[2026-07-12 08:23:38] [scraper.immo] INFO [PAGE 076] 10 fiches trouvées
[2026-07-12 08:23:48] [scraper.immo] INFO [PAGE 077] 10 fiches trouvées
[2026-07-12 08:23:59] [scraper.immo] INFO [PAGE 078] 10 fiches trouvées
[2026-07-12 08:24:09] [scraper.immo] INFO [PAGE 079] 10 fiches trouvées
[2026-07-12 08:24:19] [scraper.immo] INFO [PAGE 080] 10 fiches trouvées
[2026-07-12 08:24:29] [scraper.immo] INFO flush : total=800 (inserted=0 updated=0 unchanged=800)
[2026-07-12 08:24:31] [scraper.immo] INFO [PAGE 081] 10 fiches trouvées
[2026-07-12 08:24:41] [scraper.immo] INFO [PAGE 082] 10 fiches trouvées
[2026-07-12 08:24:51] [scraper.immo] INFO [PAGE 083] 10 fiches trouvées
[2026-07-12 08:25:01] [scraper.immo] INFO [PAGE 084] 10 fiches trouvées
[2026-07-12 08:25:10] [scraper.immo] INFO [PAGE 085] 10 fiches trouvées
[2026-07-12 08:25:19] [scraper.immo] INFO flush : total=850 (inserted=0 updated=0 unchanged=850)
[2026-07-12 08:25:20] [scraper.immo] INFO [PAGE 086] 10 fiches trouvées
[2026-07-12 08:25:29] [scraper.immo] INFO [PAGE 087] 10 fiches trouvées
[2026-07-12 08:25:39] [scraper.immo] INFO [PAGE 088] 10 fiches trouvées
[2026-07-12 08:25:49] [scraper.immo] INFO [PAGE 089] 2 fiches trouvées
[2026-07-12 08:25:51] [scraper.immo] INFO [PAGE 090] 0 fiches trouvées
[2026-07-12 08:25:51] [scraper.immo] INFO [STOP] Plus de résultats page 90
[2026-07-12 08:25:51] [scraper.immo] INFO Fin scraper 'immo' : inserted=0, updated=0, unchanged=882, stale=0
[2026-07-12 08:25:51] [scraper.immo] INFO CSV exporté : exports/immo/base_prospection_immomatin.csv (882 lignes)
[2026-07-12 08:25:51] [scraper.immo] INFO JSONL exporté : exports/immo/base_prospection_immomatin.jsonl (882 lignes)
[2026-07-12 08:25:52] [scraper.immo] INFO XLSX exporté : exports/immo/base_prospection_immomatin.xlsx (882 lignes)
[2026-07-19 08:09:14] [scraper.immo] INFO ======================================================================
[2026-07-19 08:09:14] [scraper.immo] INFO Démarrage scraper 'immo' (mode=update, test=False)
[2026-07-19 08:09:14] [scraper.immo] INFO DB : /home/runner/work/RAPS-Prospection/RAPS-Prospection/data/immo.db
[2026-07-19 08:09:14] [scraper.immo] INFO run_id = c5425b1478b24ddc
[2026-07-19 08:09:15] [scraper.immo] INFO [PAGE 001] 10 fiches trouvées
[2026-07-19 08:09:29] [scraper.immo] INFO [PAGE 002] 10 fiches trouvées
[2026-07-19 08:09:43] [scraper.immo] INFO [PAGE 003] 10 fiches trouvées
[2026-07-19 08:09:55] [scraper.immo] INFO [PAGE 004] 10 fiches trouvées
[2026-07-19 08:10:07] [scraper.immo] INFO [PAGE 005] 10 fiches trouvées
[2026-07-19 08:10:15] [scraper.immo] INFO flush : total=50 (inserted=0 updated=0 unchanged=50)
[2026-07-19 08:10:17] [scraper.immo] INFO [PAGE 006] 10 fiches trouvées
[2026-07-19 08:10:30] [scraper.immo] INFO [PAGE 007] 10 fiches trouvées
[2026-07-19 08:10:41] [scraper.immo] INFO [PAGE 008] 10 fiches trouvées
[2026-07-19 08:10:54] [scraper.immo] INFO [PAGE 009] 10 fiches trouvées
[2026-07-19 08:11:07] [scraper.immo] INFO [PAGE 010] 10 fiches trouvées
[2026-07-19 08:11:16] [scraper.immo] INFO flush : total=100 (inserted=0 updated=0 unchanged=100)
[2026-07-19 08:11:18] [scraper.immo] INFO [PAGE 011] 10 fiches trouvées
[2026-07-19 08:11:29] [scraper.immo] INFO [PAGE 012] 10 fiches trouvées
[2026-07-19 08:11:41] [scraper.immo] INFO [PAGE 013] 10 fiches trouvées
[2026-07-19 08:11:52] [scraper.immo] INFO [PAGE 014] 10 fiches trouvées
[2026-07-19 08:12:04] [scraper.immo] INFO [PAGE 015] 10 fiches trouvées
[2026-07-19 08:12:12] [scraper.immo] INFO flush : total=150 (inserted=0 updated=0 unchanged=150)
[2026-07-19 08:12:14] [scraper.immo] INFO [PAGE 016] 10 fiches trouvées
[2026-07-19 08:12:26] [scraper.immo] INFO [PAGE 017] 10 fiches trouvées
[2026-07-19 08:12:35] [scraper.immo] INFO [PAGE 018] 10 fiches trouvées
[2026-07-19 08:12:45] [scraper.immo] INFO [PAGE 019] 10 fiches trouvées
[2026-07-19 08:12:58] [scraper.immo] INFO [PAGE 020] 10 fiches trouvées
[2026-07-19 08:13:08] [scraper.immo] INFO flush : total=200 (inserted=0 updated=0 unchanged=200)
[2026-07-19 08:13:10] [scraper.immo] INFO [PAGE 021] 10 fiches trouvées
[2026-07-19 08:13:22] [scraper.immo] INFO [PAGE 022] 10 fiches trouvées
[2026-07-19 08:13:33] [scraper.immo] INFO [PAGE 023] 10 fiches trouvées
[2026-07-19 08:13:46] [scraper.immo] INFO [PAGE 024] 10 fiches trouvées
[2026-07-19 08:13:58] [scraper.immo] INFO [PAGE 025] 10 fiches trouvées
[2026-07-19 08:14:09] [scraper.immo] INFO flush : total=250 (inserted=0 updated=0 unchanged=250)
[2026-07-19 08:14:11] [scraper.immo] INFO [PAGE 026] 10 fiches trouvées
[2026-07-19 08:14:23] [scraper.immo] INFO [PAGE 027] 10 fiches trouvées
[2026-07-19 08:14:34] [scraper.immo] INFO [PAGE 028] 10 fiches trouvées
[2026-07-19 08:14:46] [scraper.immo] INFO [PAGE 029] 10 fiches trouvées
[2026-07-19 08:14:59] [scraper.immo] INFO [PAGE 030] 10 fiches trouvées
[2026-07-19 08:15:09] [scraper.immo] INFO flush : total=300 (inserted=0 updated=0 unchanged=300)
[2026-07-19 08:15:10] [scraper.immo] INFO [PAGE 031] 10 fiches trouvées
[2026-07-19 08:15:23] [scraper.immo] INFO [PAGE 032] 10 fiches trouvées
[2026-07-19 08:15:36] [scraper.immo] INFO [PAGE 033] 10 fiches trouvées
[2026-07-19 08:15:47] [scraper.immo] INFO [PAGE 034] 10 fiches trouvées
[2026-07-19 08:15:58] [scraper.immo] INFO [PAGE 035] 10 fiches trouvées
[2026-07-19 08:16:07] [scraper.immo] INFO flush : total=350 (inserted=0 updated=0 unchanged=350)
[2026-07-19 08:16:09] [scraper.immo] INFO [PAGE 036] 10 fiches trouvées
[2026-07-19 08:16:20] [scraper.immo] INFO [PAGE 037] 10 fiches trouvées
[2026-07-19 08:16:31] [scraper.immo] INFO [PAGE 038] 10 fiches trouvées
[2026-07-19 08:16:43] [scraper.immo] INFO [PAGE 039] 10 fiches trouvées
[2026-07-19 08:16:53] [scraper.immo] INFO [PAGE 040] 10 fiches trouvées
[2026-07-19 08:17:04] [scraper.immo] INFO flush : total=400 (inserted=0 updated=0 unchanged=400)
[2026-07-19 08:17:06] [scraper.immo] INFO [PAGE 041] 10 fiches trouvées
[2026-07-19 08:17:16] [scraper.immo] INFO [PAGE 042] 10 fiches trouvées
[2026-07-19 08:17:29] [scraper.immo] INFO [PAGE 043] 10 fiches trouvées
[2026-07-19 08:17:42] [scraper.immo] INFO [PAGE 044] 10 fiches trouvées
[2026-07-19 08:17:53] [scraper.immo] INFO [PAGE 045] 10 fiches trouvées
[2026-07-19 08:18:03] [scraper.immo] INFO flush : total=450 (inserted=0 updated=0 unchanged=450)
[2026-07-19 08:18:06] [scraper.immo] INFO [PAGE 046] 10 fiches trouvées
[2026-07-19 08:18:18] [scraper.immo] INFO [PAGE 047] 10 fiches trouvées
[2026-07-19 08:18:31] [scraper.immo] INFO [PAGE 048] 10 fiches trouvées
[2026-07-19 08:18:43] [scraper.immo] INFO [PAGE 049] 10 fiches trouvées
[2026-07-19 08:18:55] [scraper.immo] INFO [PAGE 050] 10 fiches trouvées
[2026-07-19 08:19:04] [scraper.immo] INFO flush : total=500 (inserted=0 updated=0 unchanged=500)
[2026-07-19 08:19:06] [scraper.immo] INFO [PAGE 051] 10 fiches trouvées
[2026-07-19 08:19:19] [scraper.immo] INFO [PAGE 052] 10 fiches trouvées
[2026-07-19 08:19:30] [scraper.immo] INFO [PAGE 053] 10 fiches trouvées
[2026-07-19 08:19:43] [scraper.immo] INFO [PAGE 054] 10 fiches trouvées
[2026-07-19 08:19:54] [scraper.immo] INFO [PAGE 055] 10 fiches trouvées
[2026-07-19 08:20:02] [scraper.immo] INFO flush : total=550 (inserted=0 updated=0 unchanged=550)
[2026-07-19 08:20:04] [scraper.immo] INFO [PAGE 056] 10 fiches trouvées
[2026-07-19 08:20:16] [scraper.immo] INFO [PAGE 057] 10 fiches trouvées
[2026-07-19 08:20:27] [scraper.immo] INFO [PAGE 058] 10 fiches trouvées
[2026-07-19 08:20:39] [scraper.immo] INFO [PAGE 059] 10 fiches trouvées
[2026-07-19 08:20:51] [scraper.immo] INFO [PAGE 060] 10 fiches trouvées
[2026-07-19 08:21:00] [scraper.immo] INFO flush : total=600 (inserted=0 updated=0 unchanged=600)
[2026-07-19 08:21:01] [scraper.immo] INFO [PAGE 061] 10 fiches trouvées
[2026-07-19 08:21:13] [scraper.immo] INFO [PAGE 062] 10 fiches trouvées
[2026-07-19 08:21:24] [scraper.immo] INFO [PAGE 063] 10 fiches trouvées
[2026-07-19 08:21:35] [scraper.immo] INFO [PAGE 064] 10 fiches trouvées
[2026-07-19 08:21:47] [scraper.immo] INFO [PAGE 065] 10 fiches trouvées
[2026-07-19 08:21:56] [scraper.immo] INFO flush : total=650 (inserted=0 updated=0 unchanged=650)
[2026-07-19 08:21:58] [scraper.immo] INFO [PAGE 066] 10 fiches trouvées
[2026-07-19 08:22:12] [scraper.immo] INFO [PAGE 067] 10 fiches trouvées
[2026-07-19 08:22:24] [scraper.immo] INFO [PAGE 068] 10 fiches trouvées
[2026-07-19 08:22:37] [scraper.immo] INFO [PAGE 069] 10 fiches trouvées
[2026-07-19 08:22:49] [scraper.immo] INFO [PAGE 070] 10 fiches trouvées
[2026-07-19 08:22:59] [scraper.immo] INFO flush : total=700 (inserted=0 updated=0 unchanged=700)
[2026-07-19 08:23:01] [scraper.immo] INFO [PAGE 071] 10 fiches trouvées
[2026-07-19 08:23:13] [scraper.immo] INFO [PAGE 072] 10 fiches trouvées
[2026-07-19 08:23:25] [scraper.immo] INFO [PAGE 073] 10 fiches trouvées
[2026-07-19 08:23:35] [scraper.immo] INFO [PAGE 074] 10 fiches trouvées
[2026-07-19 08:23:46] [scraper.immo] INFO [PAGE 075] 10 fiches trouvées
[2026-07-19 08:23:57] [scraper.immo] INFO flush : total=750 (inserted=0 updated=0 unchanged=750)
[2026-07-19 08:23:59] [scraper.immo] INFO [PAGE 076] 10 fiches trouvées
[2026-07-19 08:24:12] [scraper.immo] INFO [PAGE 077] 10 fiches trouvées
[2026-07-19 08:24:23] [scraper.immo] INFO [PAGE 078] 10 fiches trouvées
[2026-07-19 08:24:34] [scraper.immo] INFO [PAGE 079] 10 fiches trouvées
[2026-07-19 08:24:47] [scraper.immo] INFO [PAGE 080] 10 fiches trouvées
[2026-07-19 08:24:58] [scraper.immo] INFO flush : total=800 (inserted=0 updated=0 unchanged=800)
[2026-07-19 08:25:00] [scraper.immo] INFO [PAGE 081] 10 fiches trouvées
[2026-07-19 08:25:11] [scraper.immo] INFO [PAGE 082] 10 fiches trouvées
[2026-07-19 08:25:23] [scraper.immo] INFO [PAGE 083] 10 fiches trouvées
[2026-07-19 08:25:35] [scraper.immo] INFO [PAGE 084] 10 fiches trouvées
[2026-07-19 08:25:45] [scraper.immo] INFO [PAGE 085] 10 fiches trouvées
[2026-07-19 08:25:55] [scraper.immo] INFO flush : total=850 (inserted=0 updated=0 unchanged=850)
[2026-07-19 08:25:57] [scraper.immo] INFO [PAGE 086] 10 fiches trouvées
[2026-07-19 08:26:09] [scraper.immo] INFO [PAGE 087] 10 fiches trouvées
[2026-07-19 08:26:21] [scraper.immo] INFO [PAGE 088] 10 fiches trouvées
[2026-07-19 08:26:31] [scraper.immo] INFO [PAGE 089] 2 fiches trouvées
[2026-07-19 08:26:35] [scraper.immo] INFO [PAGE 090] 0 fiches trouvées
[2026-07-19 08:26:35] [scraper.immo] INFO [STOP] Plus de résultats page 90
[2026-07-19 08:26:35] [scraper.immo] INFO Fin scraper 'immo' : inserted=0, updated=0, unchanged=882, stale=0
[2026-07-19 08:26:35] [scraper.immo] INFO CSV exporté : exports/immo/base_prospection_immomatin.csv (882 lignes)
[2026-07-19 08:26:35] [scraper.immo] INFO JSONL exporté : exports/immo/base_prospection_immomatin.jsonl (882 lignes)
[2026-07-19 08:26:36] [scraper.immo] INFO XLSX exporté : exports/immo/base_prospection_immomatin.xlsx (882 lignes)
[2026-07-26 08:19:00] [scraper.immo] INFO ======================================================================
[2026-07-26 08:19:00] [scraper.immo] INFO Démarrage scraper 'immo' (mode=update, test=False)
[2026-07-26 08:19:00] [scraper.immo] INFO DB : /home/runner/work/RAPS-Prospection/RAPS-Prospection/data/immo.db
[2026-07-26 08:19:00] [scraper.immo] INFO run_id = 9022b92572d64492
[2026-07-26 08:19:01] [scraper.immo] INFO [PAGE 001] 10 fiches trouvées
[2026-07-26 08:19:13] [scraper.immo] INFO [PAGE 002] 10 fiches trouvées
[2026-07-26 08:19:23] [scraper.immo] INFO [PAGE 003] 10 fiches trouvées
[2026-07-26 08:19:32] [scraper.immo] INFO [PAGE 004] 10 fiches trouvées
[2026-07-26 08:19:42] [scraper.immo] INFO [PAGE 005] 10 fiches trouvées
[2026-07-26 08:19:50] [scraper.immo] INFO flush : total=50 (inserted=0 updated=0 unchanged=50)
[2026-07-26 08:19:52] [scraper.immo] INFO [PAGE 006] 10 fiches trouvées
[2026-07-26 08:20:02] [scraper.immo] INFO [PAGE 007] 10 fiches trouvées
[2026-07-26 08:20:13] [scraper.immo] INFO [PAGE 008] 10 fiches trouvées
[2026-07-26 08:20:23] [scraper.immo] INFO [PAGE 009] 10 fiches trouvées
[2026-07-26 08:20:34] [scraper.immo] INFO [PAGE 010] 10 fiches trouvées
[2026-07-26 08:20:42] [scraper.immo] INFO flush : total=100 (inserted=0 updated=0 unchanged=100)
[2026-07-26 08:20:44] [scraper.immo] INFO [PAGE 011] 10 fiches trouvées
[2026-07-26 08:20:56] [scraper.immo] INFO [PAGE 012] 10 fiches trouvées
[2026-07-26 08:21:08] [scraper.immo] INFO [PAGE 013] 10 fiches trouvées
[2026-07-26 08:21:19] [scraper.immo] INFO [PAGE 014] 10 fiches trouvées
[2026-07-26 08:21:31] [scraper.immo] INFO [PAGE 015] 10 fiches trouvées
[2026-07-26 08:21:40] [scraper.immo] INFO flush : total=150 (inserted=0 updated=0 unchanged=150)
[2026-07-26 08:21:42] [scraper.immo] INFO [PAGE 016] 10 fiches trouvées
[2026-07-26 08:21:52] [scraper.immo] INFO [PAGE 017] 10 fiches trouvées
[2026-07-26 08:22:04] [scraper.immo] INFO [PAGE 018] 10 fiches trouvées
[2026-07-26 08:22:17] [scraper.immo] INFO [PAGE 019] 10 fiches trouvées
[2026-07-26 08:22:28] [scraper.immo] INFO [PAGE 020] 10 fiches trouvées
[2026-07-26 08:22:35] [scraper.immo] INFO flush : total=200 (inserted=0 updated=0 unchanged=200)
[2026-07-26 08:22:38] [scraper.immo] INFO [PAGE 021] 10 fiches trouvées
[2026-07-26 08:22:49] [scraper.immo] INFO [PAGE 022] 10 fiches trouvées
[2026-07-26 08:23:01] [scraper.immo] INFO [PAGE 023] 10 fiches trouvées
[2026-07-26 08:23:15] [scraper.immo] INFO [PAGE 024] 10 fiches trouvées
[2026-07-26 08:23:27] [scraper.immo] INFO [PAGE 025] 10 fiches trouvées
[2026-07-26 08:23:38] [scraper.immo] INFO flush : total=250 (inserted=0 updated=0 unchanged=250)
[2026-07-26 08:23:39] [scraper.immo] INFO [PAGE 026] 10 fiches trouvées
[2026-07-26 08:23:51] [scraper.immo] INFO [PAGE 027] 10 fiches trouvées
[2026-07-26 08:24:03] [scraper.immo] INFO [PAGE 028] 10 fiches trouvées
[2026-07-26 08:24:14] [scraper.immo] INFO [PAGE 029] 10 fiches trouvées
[2026-07-26 08:24:24] [scraper.immo] INFO [PAGE 030] 10 fiches trouvées
[2026-07-26 08:24:32] [scraper.immo] INFO flush : total=300 (inserted=0 updated=0 unchanged=300)
[2026-07-26 08:24:34] [scraper.immo] INFO [PAGE 031] 10 fiches trouvées
[2026-07-26 08:24:46] [scraper.immo] INFO [PAGE 032] 10 fiches trouvées
[2026-07-26 08:24:58] [scraper.immo] INFO [PAGE 033] 10 fiches trouvées
[2026-07-26 08:25:10] [scraper.immo] INFO [PAGE 034] 10 fiches trouvées
[2026-07-26 08:25:21] [scraper.immo] INFO [PAGE 035] 10 fiches trouvées
[2026-07-26 08:25:30] [scraper.immo] INFO flush : total=350 (inserted=0 updated=0 unchanged=350)
[2026-07-26 08:25:33] [scraper.immo] INFO [PAGE 036] 10 fiches trouvées
[2026-07-26 08:25:43] [scraper.immo] INFO [PAGE 037] 10 fiches trouvées
[2026-07-26 08:25:55] [scraper.immo] INFO [PAGE 038] 10 fiches trouvées
[2026-07-26 08:26:07] [scraper.immo] INFO [PAGE 039] 10 fiches trouvées
[2026-07-26 08:26:20] [scraper.immo] INFO [PAGE 040] 10 fiches trouvées
[2026-07-26 08:26:29] [scraper.immo] INFO flush : total=400 (inserted=0 updated=0 unchanged=400)
[2026-07-26 08:26:31] [scraper.immo] INFO [PAGE 041] 10 fiches trouvées
[2026-07-26 08:26:41] [scraper.immo] INFO [PAGE 042] 10 fiches trouvées
[2026-07-26 08:26:52] [scraper.immo] INFO [PAGE 043] 10 fiches trouvées
[2026-07-26 08:27:06] [scraper.immo] INFO [PAGE 044] 10 fiches trouvées
[2026-07-26 08:27:18] [scraper.immo] INFO [PAGE 045] 10 fiches trouvées
[2026-07-26 08:27:30] [scraper.immo] INFO flush : total=450 (inserted=0 updated=0 unchanged=450)
[2026-07-26 08:27:33] [scraper.immo] INFO [PAGE 046] 10 fiches trouvées
[2026-07-26 08:27:46] [scraper.immo] INFO [PAGE 047] 10 fiches trouvées
[2026-07-26 08:27:58] [scraper.immo] INFO [PAGE 048] 10 fiches trouvées
[2026-07-26 08:28:07] [scraper.immo] INFO [PAGE 049] 10 fiches trouvées
[2026-07-26 08:28:20] [scraper.immo] INFO [PAGE 050] 10 fiches trouvées
[2026-07-26 08:28:27] [scraper.immo] INFO flush : total=500 (inserted=0 updated=0 unchanged=500)
[2026-07-26 08:28:29] [scraper.immo] INFO [PAGE 051] 10 fiches trouvées
[2026-07-26 08:28:41] [scraper.immo] INFO [PAGE 052] 10 fiches trouvées
[2026-07-26 08:28:52] [scraper.immo] INFO [PAGE 053] 10 fiches trouvées
[2026-07-26 08:29:06] [scraper.immo] INFO [PAGE 054] 10 fiches trouvées
[2026-07-26 08:29:17] [scraper.immo] INFO [PAGE 055] 10 fiches trouvées
[2026-07-26 08:29:26] [scraper.immo] INFO flush : total=550 (inserted=0 updated=0 unchanged=550)
[2026-07-26 08:29:29] [scraper.immo] INFO [PAGE 056] 10 fiches trouvées
[2026-07-26 08:29:38] [scraper.immo] INFO [PAGE 057] 10 fiches trouvées
[2026-07-26 08:29:49] [scraper.immo] INFO [PAGE 058] 10 fiches trouvées
[2026-07-26 08:30:02] [scraper.immo] INFO [PAGE 059] 10 fiches trouvées
[2026-07-26 08:30:13] [scraper.immo] INFO [PAGE 060] 10 fiches trouvées
[2026-07-26 08:30:22] [scraper.immo] INFO flush : total=600 (inserted=0 updated=0 unchanged=600)
[2026-07-26 08:30:24] [scraper.immo] INFO [PAGE 061] 10 fiches trouvées
[2026-07-26 08:30:35] [scraper.immo] INFO [PAGE 062] 10 fiches trouvées
[2026-07-26 08:30:47] [scraper.immo] INFO [PAGE 063] 10 fiches trouvées
[2026-07-26 08:30:59] [scraper.immo] INFO [PAGE 064] 10 fiches trouvées
[2026-07-26 08:31:11] [scraper.immo] INFO [PAGE 065] 10 fiches trouvées
[2026-07-26 08:31:21] [scraper.immo] INFO flush : total=650 (inserted=0 updated=0 unchanged=650)
[2026-07-26 08:31:23] [scraper.immo] INFO [PAGE 066] 10 fiches trouvées
[2026-07-26 08:31:37] [scraper.immo] INFO [PAGE 067] 10 fiches trouvées
[2026-07-26 08:31:50] [scraper.immo] INFO [PAGE 068] 10 fiches trouvées
[2026-07-26 08:32:05] [scraper.immo] INFO [PAGE 069] 10 fiches trouvées
[2026-07-26 08:32:17] [scraper.immo] INFO [PAGE 070] 10 fiches trouvées
[2026-07-26 08:32:25] [scraper.immo] INFO flush : total=700 (inserted=0 updated=0 unchanged=700)
[2026-07-26 08:32:27] [scraper.immo] INFO [PAGE 071] 10 fiches trouvées
[2026-07-26 08:32:39] [scraper.immo] INFO [PAGE 072] 10 fiches trouvées
[2026-07-26 08:32:50] [scraper.immo] INFO [PAGE 073] 10 fiches trouvées
[2026-07-26 08:33:04] [scraper.immo] INFO [PAGE 074] 10 fiches trouvées
[2026-07-26 08:33:15] [scraper.immo] INFO [PAGE 075] 10 fiches trouvées
[2026-07-26 08:33:26] [scraper.immo] INFO flush : total=750 (inserted=0 updated=0 unchanged=750)
[2026-07-26 08:33:28] [scraper.immo] INFO [PAGE 076] 10 fiches trouvées
[2026-07-26 08:33:41] [scraper.immo] INFO [PAGE 077] 10 fiches trouvées
[2026-07-26 08:33:52] [scraper.immo] INFO [PAGE 078] 10 fiches trouvées
[2026-07-26 08:34:05] [scraper.immo] INFO [PAGE 079] 10 fiches trouvées
[2026-07-26 08:34:15] [scraper.immo] INFO [PAGE 080] 10 fiches trouvées
[2026-07-26 08:34:26] [scraper.immo] INFO flush : total=800 (inserted=0 updated=0 unchanged=800)
[2026-07-26 08:34:28] [scraper.immo] INFO [PAGE 081] 10 fiches trouvées
[2026-07-26 08:34:42] [scraper.immo] INFO [PAGE 082] 10 fiches trouvées
[2026-07-26 08:34:54] [scraper.immo] INFO [PAGE 083] 10 fiches trouvées
[2026-07-26 08:35:05] [scraper.immo] INFO [PAGE 084] 10 fiches trouvées
[2026-07-26 08:35:19] [scraper.immo] INFO [PAGE 085] 10 fiches trouvées
[2026-07-26 08:35:29] [scraper.immo] INFO flush : total=850 (inserted=0 updated=0 unchanged=850)
[2026-07-26 08:35:31] [scraper.immo] INFO [PAGE 086] 10 fiches trouvées
[2026-07-26 08:35:44] [scraper.immo] INFO [PAGE 087] 10 fiches trouvées
[2026-07-26 08:35:55] [scraper.immo] INFO [PAGE 088] 10 fiches trouvées
[2026-07-26 08:36:08] [scraper.immo] INFO [PAGE 089] 2 fiches trouvées
[2026-07-26 08:36:10] [scraper.immo] INFO [PAGE 090] 0 fiches trouvées
[2026-07-26 08:36:10] [scraper.immo] INFO [STOP] Plus de résultats page 90
[2026-07-26 08:36:10] [scraper.immo] INFO Fin scraper 'immo' : inserted=0, updated=0, unchanged=882, stale=0
[2026-07-26 08:36:10] [scraper.immo] INFO CSV exporté : exports/immo/base_prospection_immomatin.csv (882 lignes)
[2026-07-26 08:36:10] [scraper.immo] INFO JSONL exporté : exports/immo/base_prospection_immomatin.jsonl (882 lignes)
[2026-07-26 08:36:11] [scraper.immo] INFO XLSX exporté : exports/immo/base_prospection_immomatin.xlsx (882 lignes)
[2026-08-02 08:16:17] [scraper.immo] INFO ======================================================================
[2026-08-02 08:16:17] [scraper.immo] INFO Démarrage scraper 'immo' (mode=update, test=False)
[2026-08-02 08:16:17] [scraper.immo] INFO DB : /home/runner/work/RAPS-Prospection/RAPS-Prospection/data/immo.db
[2026-08-02 08:16:17] [scraper.immo] INFO run_id = 270506bd85c14037
[2026-08-02 08:16:18] [scraper.immo] INFO [PAGE 001] 10 fiches trouvées
[2026-08-02 08:16:35] [scraper.immo] INFO [PAGE 002] 10 fiches trouvées
[2026-08-02 08:16:47] [scraper.immo] INFO [PAGE 003] 10 fiches trouvées
[2026-08-02 08:17:01] [scraper.immo] INFO [PAGE 004] 10 fiches trouvées
[2026-08-02 08:17:13] [scraper.immo] INFO [PAGE 005] 10 fiches trouvées
[2026-08-02 08:17:23] [scraper.immo] INFO flush : total=50 (inserted=0 updated=0 unchanged=50)
[2026-08-02 08:17:25] [scraper.immo] INFO [PAGE 006] 10 fiches trouvées
[2026-08-02 08:17:37] [scraper.immo] INFO [PAGE 007] 10 fiches trouvées
[2026-08-02 08:17:49] [scraper.immo] INFO [PAGE 008] 10 fiches trouvées
[2026-08-02 08:18:02] [scraper.immo] INFO [PAGE 009] 10 fiches trouvées
[2026-08-02 08:18:16] [scraper.immo] INFO [PAGE 010] 10 fiches trouvées
[2026-08-02 08:18:25] [scraper.immo] INFO flush : total=100 (inserted=0 updated=0 unchanged=100)
[2026-08-02 08:18:27] [scraper.immo] INFO [PAGE 011] 10 fiches trouvées
[2026-08-02 08:18:38] [scraper.immo] INFO [PAGE 012] 10 fiches trouvées
[2026-08-02 08:18:51] [scraper.immo] INFO [PAGE 013] 10 fiches trouvées
[2026-08-02 08:19:03] [scraper.immo] INFO [PAGE 014] 10 fiches trouvées
[2026-08-02 08:19:13] [scraper.immo] INFO [PAGE 015] 10 fiches trouvées
[2026-08-02 08:19:22] [scraper.immo] INFO flush : total=150 (inserted=0 updated=0 unchanged=150)
[2026-08-02 08:19:24] [scraper.immo] INFO [PAGE 016] 10 fiches trouvées
[2026-08-02 08:19:35] [scraper.immo] INFO [PAGE 017] 10 fiches trouvées
[2026-08-02 08:19:49] [scraper.immo] INFO [PAGE 018] 10 fiches trouvées
[2026-08-02 08:20:00] [scraper.immo] INFO [PAGE 019] 10 fiches trouvées
[2026-08-02 08:20:12] [scraper.immo] INFO [PAGE 020] 10 fiches trouvées
[2026-08-02 08:20:24] [scraper.immo] INFO flush : total=200 (inserted=0 updated=0 unchanged=200)
[2026-08-02 08:20:26] [scraper.immo] INFO [PAGE 021] 10 fiches trouvées
[2026-08-02 08:20:38] [scraper.immo] INFO [PAGE 022] 10 fiches trouvées
[2026-08-02 08:20:50] [scraper.immo] INFO [PAGE 023] 10 fiches trouvées
[2026-08-02 08:21:03] [scraper.immo] INFO [PAGE 024] 10 fiches trouvées
[2026-08-02 08:21:14] [scraper.immo] INFO [PAGE 025] 10 fiches trouvées
[2026-08-02 08:21:25] [scraper.immo] INFO flush : total=250 (inserted=0 updated=0 unchanged=250)
[2026-08-02 08:21:27] [scraper.immo] INFO [PAGE 026] 10 fiches trouvées
[2026-08-02 08:21:38] [scraper.immo] INFO [PAGE 027] 10 fiches trouvées
[2026-08-02 08:21:50] [scraper.immo] INFO [PAGE 028] 10 fiches trouvées
[2026-08-02 08:22:03] [scraper.immo] INFO [PAGE 029] 10 fiches trouvées
[2026-08-02 08:22:15] [scraper.immo] INFO [PAGE 030] 10 fiches trouvées
[2026-08-02 08:22:25] [scraper.immo] INFO flush : total=300 (inserted=0 updated=0 unchanged=300)
[2026-08-02 08:22:27] [scraper.immo] INFO [PAGE 031] 10 fiches trouvées
[2026-08-02 08:22:39] [scraper.immo] INFO [PAGE 032] 10 fiches trouvées
[2026-08-02 08:22:50] [scraper.immo] INFO [PAGE 033] 10 fiches trouvées
[2026-08-02 08:23:04] [scraper.immo] INFO [PAGE 034] 10 fiches trouvées
[2026-08-02 08:23:16] [scraper.immo] INFO [PAGE 035] 10 fiches trouvées
[2026-08-02 08:23:25] [scraper.immo] INFO flush : total=350 (inserted=0 updated=0 unchanged=350)
[2026-08-02 08:23:27] [scraper.immo] INFO [PAGE 036] 10 fiches trouvées
[2026-08-02 08:23:38] [scraper.immo] INFO [PAGE 037] 10 fiches trouvées
[2026-08-02 08:23:50] [scraper.immo] INFO [PAGE 038] 10 fiches trouvées
[2026-08-02 08:24:02] [scraper.immo] INFO [PAGE 039] 10 fiches trouvées
[2026-08-02 08:24:14] [scraper.immo] INFO [PAGE 040] 10 fiches trouvées
[2026-08-02 08:24:24] [scraper.immo] INFO flush : total=400 (inserted=0 updated=0 unchanged=400)
[2026-08-02 08:24:25] [scraper.immo] INFO [PAGE 041] 10 fiches trouvées
[2026-08-02 08:24:39] [scraper.immo] INFO [PAGE 042] 10 fiches trouvées
[2026-08-02 08:24:51] [scraper.immo] INFO [PAGE 043] 10 fiches trouvées
[2026-08-02 08:25:02] [scraper.immo] INFO [PAGE 044] 10 fiches trouvées
[2026-08-02 08:25:15] [scraper.immo] INFO [PAGE 045] 10 fiches trouvées
[2026-08-02 08:25:25] [scraper.immo] INFO flush : total=450 (inserted=0 updated=0 unchanged=450)
[2026-08-02 08:25:28] [scraper.immo] INFO [PAGE 046] 10 fiches trouvées
[2026-08-02 08:25:40] [scraper.immo] INFO [PAGE 047] 10 fiches trouvées
[2026-08-02 08:25:52] [scraper.immo] INFO [PAGE 048] 10 fiches trouvées
[2026-08-02 08:26:03] [scraper.immo] INFO [PAGE 049] 10 fiches trouvées
[2026-08-02 08:26:15] [scraper.immo] INFO [PAGE 050] 10 fiches trouvées
[2026-08-02 08:26:26] [scraper.immo] INFO flush : total=500 (inserted=0 updated=0 unchanged=500)
[2026-08-02 08:26:29] [scraper.immo] INFO [PAGE 051] 10 fiches trouvées
[2026-08-02 08:26:41] [scraper.immo] INFO [PAGE 052] 10 fiches trouvées
[2026-08-02 08:26:52] [scraper.immo] INFO [PAGE 053] 10 fiches trouvées
[2026-08-02 08:27:05] [scraper.immo] INFO [PAGE 054] 10 fiches trouvées
[2026-08-02 08:27:18] [scraper.immo] INFO [PAGE 055] 10 fiches trouvées
[2026-08-02 08:27:28] [scraper.immo] INFO flush : total=550 (inserted=0 updated=0 unchanged=550)
[2026-08-02 08:27:30] [scraper.immo] INFO [PAGE 056] 10 fiches trouvées
[2026-08-02 08:27:41] [scraper.immo] INFO [PAGE 057] 10 fiches trouvées
[2026-08-02 08:27:54] [scraper.immo] INFO [PAGE 058] 10 fiches trouvées
[2026-08-02 08:28:07] [scraper.immo] INFO [PAGE 059] 10 fiches trouvées
[2026-08-02 08:28:20] [scraper.immo] INFO [PAGE 060] 10 fiches trouvées
[2026-08-02 08:28:29] [scraper.immo] INFO flush : total=600 (inserted=0 updated=0 unchanged=600)
[2026-08-02 08:28:31] [scraper.immo] INFO [PAGE 061] 10 fiches trouvées
[2026-08-02 08:28:42] [scraper.immo] INFO [PAGE 062] 10 fiches trouvées
[2026-08-02 08:28:54] [scraper.immo] INFO [PAGE 063] 10 fiches trouvées
[2026-08-02 08:29:08] [scraper.immo] INFO [PAGE 064] 10 fiches trouvées
[2026-08-02 08:29:19] [scraper.immo] INFO [PAGE 065] 10 fiches trouvées
[2026-08-02 08:29:27] [scraper.immo] INFO flush : total=650 (inserted=0 updated=0 unchanged=650)
[2026-08-02 08:29:30] [scraper.immo] INFO [PAGE 066] 10 fiches trouvées
[2026-08-02 08:29:42] [scraper.immo] INFO [PAGE 067] 10 fiches trouvées
[2026-08-02 08:29:55] [scraper.immo] INFO [PAGE 068] 10 fiches trouvées
[2026-08-02 08:30:09] [scraper.immo] INFO [PAGE 069] 10 fiches trouvées
[2026-08-02 08:30:20] [scraper.immo] INFO [PAGE 070] 10 fiches trouvées
[2026-08-02 08:30:31] [scraper.immo] INFO flush : total=700 (inserted=0 updated=0 unchanged=700)
[2026-08-02 08:30:34] [scraper.immo] INFO [PAGE 071] 10 fiches trouvées
[2026-08-02 08:30:46] [scraper.immo] INFO [PAGE 072] 10 fiches trouvées
[2026-08-02 08:30:59] [scraper.immo] INFO [PAGE 073] 10 fiches trouvées
[2026-08-02 08:31:11] [scraper.immo] INFO [PAGE 074] 10 fiches trouvées
[2026-08-02 08:31:21] [scraper.immo] INFO [PAGE 075] 10 fiches trouvées
[2026-08-02 08:31:31] [scraper.immo] INFO flush : total=750 (inserted=0 updated=0 unchanged=750)
[2026-08-02 08:31:33] [scraper.immo] INFO [PAGE 076] 10 fiches trouvées
[2026-08-02 08:31:44] [scraper.immo] INFO [PAGE 077] 10 fiches trouvées
[2026-08-02 08:31:56] [scraper.immo] INFO [PAGE 078] 10 fiches trouvées
[2026-08-02 08:32:10] [scraper.immo] INFO [PAGE 079] 10 fiches trouvées
[2026-08-02 08:32:21] [scraper.immo] INFO [PAGE 080] 10 fiches trouvées
[2026-08-02 08:32:30] [scraper.immo] INFO flush : total=800 (inserted=0 updated=0 unchanged=800)
[2026-08-02 08:32:32] [scraper.immo] INFO [PAGE 081] 10 fiches trouvées
[2026-08-02 08:32:42] [scraper.immo] INFO [PAGE 082] 10 fiches trouvées
[2026-08-02 08:32:55] [scraper.immo] INFO [PAGE 083] 10 fiches trouvées
[2026-08-02 08:33:06] [scraper.immo] INFO [PAGE 084] 10 fiches trouvées
[2026-08-02 08:33:19] [scraper.immo] INFO [PAGE 085] 10 fiches trouvées
[2026-08-02 08:33:29] [scraper.immo] INFO flush : total=850 (inserted=0 updated=0 unchanged=850)
[2026-08-02 08:33:31] [scraper.immo] INFO [PAGE 086] 10 fiches trouvées
[2026-08-02 08:33:43] [scraper.immo] INFO [PAGE 087] 10 fiches trouvées
[2026-08-02 08:33:54] [scraper.immo] INFO [PAGE 088] 10 fiches trouvées
[2026-08-02 08:34:06] [scraper.immo] INFO [PAGE 089] 2 fiches trouvées
[2026-08-02 08:34:09] [scraper.immo] INFO [PAGE 090] 0 fiches trouvées
[2026-08-02 08:34:09] [scraper.immo] INFO [STOP] Plus de résultats page 90
[2026-08-02 08:34:09] [scraper.immo] INFO Fin scraper 'immo' : inserted=0, updated=0, unchanged=882, stale=0
[2026-08-02 08:34:09] [scraper.immo] INFO CSV exporté : exports/immo/base_prospection_immomatin.csv (882 lignes)
[2026-08-02 08:34:09] [scraper.immo] INFO JSONL exporté : exports/immo/base_prospection_immomatin.jsonl (882 lignes)
[2026-08-02 08:34:10] [scraper.immo] INFO XLSX exporté : exports/immo/base_prospection_immomatin.xlsx (882 lignes)
[2026-08-09 06:47:36] [scraper.immo] INFO ======================================================================
[2026-08-09 06:47:36] [scraper.immo] INFO Démarrage scraper 'immo' (mode=update, test=False)
[2026-08-09 06:47:36] [scraper.immo] INFO DB : /home/runner/work/RAPS-Prospection/RAPS-Prospection/data/immo.db
[2026-08-09 06:47:36] [scraper.immo] INFO run_id = 5125ffcdeb5d4546
[2026-08-09 06:47:37] [scraper.immo] INFO [PAGE 001] 10 fiches trouvées
[2026-08-09 06:47:50] [scraper.immo] INFO [PAGE 002] 10 fiches trouvées
[2026-08-09 06:48:05] [scraper.immo] INFO [PAGE 003] 10 fiches trouvées
[2026-08-09 06:48:19] [scraper.immo] INFO [PAGE 004] 10 fiches trouvées
[2026-08-09 06:48:31] [scraper.immo] INFO [PAGE 005] 10 fiches trouvées
[2026-08-09 06:48:41] [scraper.immo] INFO flush : total=50 (inserted=0 updated=0 unchanged=50)
[2026-08-09 06:48:43] [scraper.immo] INFO [PAGE 006] 10 fiches trouvées
[2026-08-09 06:48:54] [scraper.immo] INFO [PAGE 007] 10 fiches trouvées
[2026-08-09 06:49:05] [scraper.immo] INFO [PAGE 008] 10 fiches trouvées
[2026-08-09 06:49:15] [scraper.immo] INFO [PAGE 009] 10 fiches trouvées
[2026-08-09 06:49:27] [scraper.immo] INFO [PAGE 010] 10 fiches trouvées
[2026-08-09 06:49:36] [scraper.immo] INFO flush : total=100 (inserted=0 updated=0 unchanged=100)
[2026-08-09 06:49:38] [scraper.immo] INFO [PAGE 011] 10 fiches trouvées
[2026-08-09 06:49:50] [scraper.immo] INFO [PAGE 012] 10 fiches trouvées
[2026-08-09 06:50:01] [scraper.immo] INFO [PAGE 013] 10 fiches trouvées
[2026-08-09 06:50:12] [scraper.immo] INFO [PAGE 014] 10 fiches trouvées
[2026-08-09 06:50:23] [scraper.immo] INFO [PAGE 015] 10 fiches trouvées
[2026-08-09 06:50:32] [scraper.immo] INFO flush : total=150 (inserted=0 updated=0 unchanged=150)
[2026-08-09 06:50:34] [scraper.immo] INFO [PAGE 016] 10 fiches trouvées
[2026-08-09 06:50:44] [scraper.immo] INFO [PAGE 017] 10 fiches trouvées
[2026-08-09 06:50:56] [scraper.immo] INFO [PAGE 018] 10 fiches trouvées
[2026-08-09 06:51:09] [scraper.immo] INFO [PAGE 019] 10 fiches trouvées
[2026-08-09 06:51:24] [scraper.immo] INFO [PAGE 020] 10 fiches trouvées
[2026-08-09 06:51:34] [scraper.immo] INFO flush : total=200 (inserted=0 updated=0 unchanged=200)
[2026-08-09 06:51:36] [scraper.immo] INFO [PAGE 021] 10 fiches trouvées
[2026-08-09 06:51:48] [scraper.immo] INFO [PAGE 022] 10 fiches trouvées
[2026-08-09 06:52:01] [scraper.immo] INFO [PAGE 023] 10 fiches trouvées
[2026-08-09 06:52:14] [scraper.immo] INFO [PAGE 024] 10 fiches trouvées
[2026-08-09 06:52:27] [scraper.immo] INFO [PAGE 025] 10 fiches trouvées
[2026-08-09 06:52:37] [scraper.immo] INFO flush : total=250 (inserted=0 updated=0 unchanged=250)
[2026-08-09 06:52:40] [scraper.immo] INFO [PAGE 026] 10 fiches trouvées
[2026-08-09 06:52:51] [scraper.immo] INFO [PAGE 027] 10 fiches trouvées
[2026-08-09 06:53:01] [scraper.immo] INFO [PAGE 028] 10 fiches trouvées
[2026-08-09 06:53:12] [scraper.immo] INFO [PAGE 029] 10 fiches trouvées
[2026-08-09 06:53:25] [scraper.immo] INFO [PAGE 030] 10 fiches trouvées
[2026-08-09 06:53:34] [scraper.immo] INFO flush : total=300 (inserted=0 updated=0 unchanged=300)
[2026-08-09 06:53:36] [scraper.immo] INFO [PAGE 031] 10 fiches trouvées
[2026-08-09 06:53:48] [scraper.immo] INFO [PAGE 032] 10 fiches trouvées
[2026-08-09 06:53:57] [scraper.immo] INFO [PAGE 033] 10 fiches trouvées
[2026-08-09 06:54:10] [scraper.immo] INFO [PAGE 034] 10 fiches trouvées
[2026-08-09 06:54:21] [scraper.immo] INFO [PAGE 035] 10 fiches trouvées
[2026-08-09 06:54:28] [scraper.immo] INFO flush : total=350 (inserted=0 updated=0 unchanged=350)
[2026-08-09 06:54:30] [scraper.immo] INFO [PAGE 036] 10 fiches trouvées
[2026-08-09 06:54:42] [scraper.immo] INFO [PAGE 037] 10 fiches trouvées
[2026-08-09 06:54:54] [scraper.immo] INFO [PAGE 038] 10 fiches trouvées
[2026-08-09 06:55:05] [scraper.immo] INFO [PAGE 039] 10 fiches trouvées
[2026-08-09 06:55:17] [scraper.immo] INFO [PAGE 040] 10 fiches trouvées
[2026-08-09 06:55:25] [scraper.immo] INFO flush : total=400 (inserted=0 updated=0 unchanged=400)
[2026-08-09 06:55:28] [scraper.immo] INFO [PAGE 041] 10 fiches trouvées
[2026-08-09 06:55:42] [scraper.immo] INFO [PAGE 042] 10 fiches trouvées
[2026-08-09 06:55:54] [scraper.immo] INFO [PAGE 043] 10 fiches trouvées
[2026-08-09 06:56:06] [scraper.immo] INFO [PAGE 044] 10 fiches trouvées
[2026-08-09 06:56:17] [scraper.immo] INFO [PAGE 045] 10 fiches trouvées
[2026-08-09 06:56:26] [scraper.immo] INFO flush : total=450 (inserted=0 updated=0 unchanged=450)
[2026-08-09 06:56:27] [scraper.immo] INFO [PAGE 046] 10 fiches trouvées
[2026-08-09 06:56:39] [scraper.immo] INFO [PAGE 047] 10 fiches trouvées
[2026-08-09 06:56:49] [scraper.immo] INFO [PAGE 048] 10 fiches trouvées
[2026-08-09 06:57:00] [scraper.immo] INFO [PAGE 049] 10 fiches trouvées
[2026-08-09 06:57:13] [scraper.immo] INFO [PAGE 050] 10 fiches trouvées
[2026-08-09 06:57:22] [scraper.immo] INFO flush : total=500 (inserted=0 updated=0 unchanged=500)
[2026-08-09 06:57:23] [scraper.immo] INFO [PAGE 051] 10 fiches trouvées
[2026-08-09 06:57:36] [scraper.immo] INFO [PAGE 052] 10 fiches trouvées
[2026-08-09 06:57:48] [scraper.immo] INFO [PAGE 053] 10 fiches trouvées
[2026-08-09 06:58:00] [scraper.immo] INFO [PAGE 054] 10 fiches trouvées
[2026-08-09 06:58:12] [scraper.immo] INFO [PAGE 055] 10 fiches trouvées
[2026-08-09 06:58:21] [scraper.immo] INFO flush : total=550 (inserted=0 updated=0 unchanged=550)
[2026-08-09 06:58:23] [scraper.immo] INFO [PAGE 056] 10 fiches trouvées
[2026-08-09 06:58:36] [scraper.immo] INFO [PAGE 057] 10 fiches trouvées
[2026-08-09 06:58:49] [scraper.immo] INFO [PAGE 058] 10 fiches trouvées
[2026-08-09 06:59:00] [scraper.immo] INFO [PAGE 059] 10 fiches trouvées
[2026-08-09 06:59:13] [scraper.immo] INFO [PAGE 060] 10 fiches trouvées
[2026-08-09 06:59:23] [scraper.immo] INFO flush : total=600 (inserted=0 updated=0 unchanged=600)
[2026-08-09 06:59:26] [scraper.immo] INFO [PAGE 061] 10 fiches trouvées
[2026-08-09 06:59:38] [scraper.immo] INFO [PAGE 062] 10 fiches trouvées
[2026-08-09 06:59:49] [scraper.immo] INFO [PAGE 063] 10 fiches trouvées
[2026-08-09 07:00:03] [scraper.immo] INFO [PAGE 064] 10 fiches trouvées
[2026-08-09 07:00:15] [scraper.immo] INFO [PAGE 065] 10 fiches trouvées
[2026-08-09 07:00:23] [scraper.immo] INFO flush : total=650 (inserted=0 updated=0 unchanged=650)
[2026-08-09 07:00:25] [scraper.immo] INFO [PAGE 066] 10 fiches trouvées
[2026-08-09 07:00:37] [scraper.immo] INFO [PAGE 067] 10 fiches trouvées
[2026-08-09 07:00:48] [scraper.immo] INFO [PAGE 068] 10 fiches trouvées
[2026-08-09 07:00:59] [scraper.immo] INFO [PAGE 069] 10 fiches trouvées
[2026-08-09 07:01:10] [scraper.immo] INFO [PAGE 070] 10 fiches trouvées
[2026-08-09 07:01:20] [scraper.immo] INFO flush : total=700 (inserted=0 updated=0 unchanged=700)
[2026-08-09 07:01:22] [scraper.immo] INFO [PAGE 071] 10 fiches trouvées
[2026-08-09 07:01:36] [scraper.immo] INFO [PAGE 072] 10 fiches trouvées
[2026-08-09 07:01:47] [scraper.immo] INFO [PAGE 073] 10 fiches trouvées
[2026-08-09 07:01:58] [scraper.immo] INFO [PAGE 074] 10 fiches trouvées
[2026-08-09 07:02:10] [scraper.immo] INFO [PAGE 075] 10 fiches trouvées
[2026-08-09 07:02:19] [scraper.immo] INFO flush : total=750 (inserted=0 updated=0 unchanged=750)
[2026-08-09 07:02:21] [scraper.immo] INFO [PAGE 076] 10 fiches trouvées
[2026-08-09 07:02:30] [scraper.immo] INFO [PAGE 077] 10 fiches trouvées
[2026-08-09 07:02:41] [scraper.immo] INFO [PAGE 078] 10 fiches trouvées
[2026-08-09 07:02:51] [scraper.immo] INFO [PAGE 079] 10 fiches trouvées
[2026-08-09 07:03:04] [scraper.immo] INFO [PAGE 080] 10 fiches trouvées
[2026-08-09 07:03:17] [scraper.immo] INFO flush : total=800 (inserted=0 updated=0 unchanged=800)
[2026-08-09 07:03:20] [scraper.immo] INFO [PAGE 081] 10 fiches trouvées
[2026-08-09 07:03:32] [scraper.immo] INFO [PAGE 082] 10 fiches trouvées
[2026-08-09 07:03:44] [scraper.immo] INFO [PAGE 083] 10 fiches trouvées
[2026-08-09 07:03:54] [scraper.immo] INFO [PAGE 084] 10 fiches trouvées
[2026-08-09 07:04:06] [scraper.immo] INFO [PAGE 085] 10 fiches trouvées
[2026-08-09 07:04:15] [scraper.immo] INFO flush : total=850 (inserted=0 updated=0 unchanged=850)
[2026-08-09 07:04:17] [scraper.immo] INFO [PAGE 086] 10 fiches trouvées
[2026-08-09 07:04:28] [scraper.immo] INFO [PAGE 087] 10 fiches trouvées
[2026-08-09 07:04:40] [scraper.immo] INFO [PAGE 088] 10 fiches trouvées
[2026-08-09 07:04:50] [scraper.immo] INFO [PAGE 089] 2 fiches trouvées
[2026-08-09 07:04:53] [scraper.immo] INFO [PAGE 090] 0 fiches trouvées
[2026-08-09 07:04:53] [scraper.immo] INFO [STOP] Plus de résultats page 90
[2026-08-09 07:04:53] [scraper.immo] INFO Fin scraper 'immo' : inserted=0, updated=0, unchanged=882, stale=0
[2026-08-09 07:04:53] [scraper.immo] INFO CSV exporté : exports/immo/base_prospection_immomatin.csv (882 lignes)
[2026-08-09 07:04:53] [scraper.immo] INFO JSONL exporté : exports/immo/base_prospection_immomatin.jsonl (882 lignes)
[2026-08-09 07:04:54] [scraper.immo] INFO XLSX exporté : exports/immo/base_prospection_immomatin.xlsx (882 lignes)
[2026-08-16 06:32:06] [scraper.immo] INFO ======================================================================
[2026-08-16 06:32:06] [scraper.immo] INFO Démarrage scraper 'immo' (mode=update, test=False)
[2026-08-16 06:32:06] [scraper.immo] INFO DB : /home/runner/work/RAPS-Prospection/RAPS-Prospection/data/immo.db
[2026-08-16 06:32:06] [scraper.immo] INFO run_id = 0cc03392a4374f72
[2026-08-16 06:32:07] [scraper.immo] INFO [PAGE 001] 10 fiches trouvées
[2026-08-16 06:32:18] [scraper.immo] INFO [PAGE 002] 10 fiches trouvées
[2026-08-16 06:32:29] [scraper.immo] INFO [PAGE 003] 10 fiches trouvées
[2026-08-16 06:32:40] [scraper.immo] INFO [PAGE 004] 10 fiches trouvées
[2026-08-16 06:32:51] [scraper.immo] INFO [PAGE 005] 10 fiches trouvées
[2026-08-16 06:32:59] [scraper.immo] INFO flush : total=50 (inserted=0 updated=0 unchanged=50)
[2026-08-16 06:33:01] [scraper.immo] INFO [PAGE 006] 10 fiches trouvées
[2026-08-16 06:33:11] [scraper.immo] INFO [PAGE 007] 10 fiches trouvées
[2026-08-16 06:33:21] [scraper.immo] INFO [PAGE 008] 10 fiches trouvées
[2026-08-16 06:33:31] [scraper.immo] INFO [PAGE 009] 10 fiches trouvées
[2026-08-16 06:33:43] [scraper.immo] INFO [PAGE 010] 10 fiches trouvées
[2026-08-16 06:33:51] [scraper.immo] INFO flush : total=100 (inserted=0 updated=0 unchanged=100)
[2026-08-16 06:33:53] [scraper.immo] INFO [PAGE 011] 10 fiches trouvées
[2026-08-16 06:34:04] [scraper.immo] INFO [PAGE 012] 10 fiches trouvées
[2026-08-16 06:34:14] [scraper.immo] INFO [PAGE 013] 10 fiches trouvées
[2026-08-16 06:34:23] [scraper.immo] INFO [PAGE 014] 10 fiches trouvées
[2026-08-16 06:34:33] [scraper.immo] INFO [PAGE 015] 10 fiches trouvées
[2026-08-16 06:34:41] [scraper.immo] INFO flush : total=150 (inserted=0 updated=0 unchanged=150)
[2026-08-16 06:34:43] [scraper.immo] INFO [PAGE 016] 10 fiches trouvées
[2026-08-16 06:34:54] [scraper.immo] INFO [PAGE 017] 10 fiches trouvées
[2026-08-16 06:35:05] [scraper.immo] INFO [PAGE 018] 10 fiches trouvées
[2026-08-16 06:35:16] [scraper.immo] INFO [PAGE 019] 10 fiches trouvées
[2026-08-16 06:35:25] [scraper.immo] INFO [PAGE 020] 10 fiches trouvées
[2026-08-16 06:35:32] [scraper.immo] INFO flush : total=200 (inserted=0 updated=0 unchanged=200)
[2026-08-16 06:35:34] [scraper.immo] INFO [PAGE 021] 10 fiches trouvées
[2026-08-16 06:35:43] [scraper.immo] INFO [PAGE 022] 10 fiches trouvées
[2026-08-16 06:35:53] [scraper.immo] INFO [PAGE 023] 10 fiches trouvées
[2026-08-16 06:36:05] [scraper.immo] INFO [PAGE 024] 10 fiches trouvées
[2026-08-16 06:36:14] [scraper.immo] INFO [PAGE 025] 10 fiches trouvées
[2026-08-16 06:36:24] [scraper.immo] INFO flush : total=250 (inserted=0 updated=0 unchanged=250)
[2026-08-16 06:36:26] [scraper.immo] INFO [PAGE 026] 10 fiches trouvées
[2026-08-16 06:36:37] [scraper.immo] INFO [PAGE 027] 10 fiches trouvées
[2026-08-16 06:36:47] [scraper.immo] INFO [PAGE 028] 10 fiches trouvées
[2026-08-16 06:36:55] [scraper.immo] INFO [PAGE 029] 10 fiches trouvées
[2026-08-16 06:37:06] [scraper.immo] INFO [PAGE 030] 10 fiches trouvées
[2026-08-16 06:37:15] [scraper.immo] INFO flush : total=300 (inserted=0 updated=0 unchanged=300)
[2026-08-16 06:37:17] [scraper.immo] INFO [PAGE 031] 10 fiches trouvées
[2026-08-16 06:37:31] [scraper.immo] INFO [PAGE 032] 10 fiches trouvées
[2026-08-16 06:37:40] [scraper.immo] INFO [PAGE 033] 10 fiches trouvées
[2026-08-16 06:37:51] [scraper.immo] INFO [PAGE 034] 10 fiches trouvées
[2026-08-16 06:38:01] [scraper.immo] INFO [PAGE 035] 10 fiches trouvées
[2026-08-16 06:38:09] [scraper.immo] INFO flush : total=350 (inserted=0 updated=0 unchanged=350)
[2026-08-16 06:38:11] [scraper.immo] INFO [PAGE 036] 10 fiches trouvées
[2026-08-16 06:38:22] [scraper.immo] INFO [PAGE 037] 10 fiches trouvées
[2026-08-16 06:38:33] [scraper.immo] INFO [PAGE 038] 10 fiches trouvées
[2026-08-16 06:38:44] [scraper.immo] INFO [PAGE 039] 10 fiches trouvées
[2026-08-16 06:38:54] [scraper.immo] INFO [PAGE 040] 10 fiches trouvées
[2026-08-16 06:39:01] [scraper.immo] INFO flush : total=400 (inserted=0 updated=0 unchanged=400)
[2026-08-16 06:39:03] [scraper.immo] INFO [PAGE 041] 10 fiches trouvées
[2026-08-16 06:39:15] [scraper.immo] INFO [PAGE 042] 10 fiches trouvées
[2026-08-16 06:39:25] [scraper.immo] INFO [PAGE 043] 10 fiches trouvées
[2026-08-16 06:39:34] [scraper.immo] INFO [PAGE 044] 10 fiches trouvées
[2026-08-16 06:39:44] [scraper.immo] INFO [PAGE 045] 10 fiches trouvées
[2026-08-16 06:39:53] [scraper.immo] INFO flush : total=450 (inserted=0 updated=0 unchanged=450)
[2026-08-16 06:39:55] [scraper.immo] INFO [PAGE 046] 10 fiches trouvées
[2026-08-16 06:40:06] [scraper.immo] INFO [PAGE 047] 10 fiches trouvées
[2026-08-16 06:40:15] [scraper.immo] INFO [PAGE 048] 10 fiches trouvées
[2026-08-16 06:40:26] [scraper.immo] INFO [PAGE 049] 10 fiches trouvées
[2026-08-16 06:40:37] [scraper.immo] INFO [PAGE 050] 10 fiches trouvées
[2026-08-16 06:40:45] [scraper.immo] INFO flush : total=500 (inserted=0 updated=0 unchanged=500)
[2026-08-16 06:40:47] [scraper.immo] INFO [PAGE 051] 10 fiches trouvées
[2026-08-16 06:40:57] [scraper.immo] INFO [PAGE 052] 10 fiches trouvées
[2026-08-16 06:41:10] [scraper.immo] INFO [PAGE 053] 10 fiches trouvées
[2026-08-16 06:41:19] [scraper.immo] INFO [PAGE 054] 10 fiches trouvées
[2026-08-16 06:41:31] [scraper.immo] INFO [PAGE 055] 10 fiches trouvées
[2026-08-16 06:41:38] [scraper.immo] INFO flush : total=550 (inserted=0 updated=0 unchanged=550)
[2026-08-16 06:41:40] [scraper.immo] INFO [PAGE 056] 10 fiches trouvées
[2026-08-16 06:41:50] [scraper.immo] INFO [PAGE 057] 10 fiches trouvées
[2026-08-16 06:42:00] [scraper.immo] INFO [PAGE 058] 10 fiches trouvées
[2026-08-16 06:42:11] [scraper.immo] INFO [PAGE 059] 10 fiches trouvées
[2026-08-16 06:42:21] [scraper.immo] INFO [PAGE 060] 10 fiches trouvées
[2026-08-16 06:42:29] [scraper.immo] INFO flush : total=600 (inserted=0 updated=0 unchanged=600)
[2026-08-16 06:42:30] [scraper.immo] INFO [PAGE 061] 10 fiches trouvées
[2026-08-16 06:42:42] [scraper.immo] INFO [PAGE 062] 10 fiches trouvées
[2026-08-16 06:42:52] [scraper.immo] INFO [PAGE 063] 10 fiches trouvées
[2026-08-16 06:43:02] [scraper.immo] INFO [PAGE 064] 10 fiches trouvées
[2026-08-16 06:43:12] [scraper.immo] INFO [PAGE 065] 10 fiches trouvées
[2026-08-16 06:43:20] [scraper.immo] INFO flush : total=650 (inserted=0 updated=0 unchanged=650)
[2026-08-16 06:43:22] [scraper.immo] INFO [PAGE 066] 10 fiches trouvées
[2026-08-16 06:43:33] [scraper.immo] INFO [PAGE 067] 10 fiches trouvées
[2026-08-16 06:43:43] [scraper.immo] INFO [PAGE 068] 10 fiches trouvées
[2026-08-16 06:43:53] [scraper.immo] INFO [PAGE 069] 10 fiches trouvées
[2026-08-16 06:44:04] [scraper.immo] INFO [PAGE 070] 10 fiches trouvées
[2026-08-16 06:44:12] [scraper.immo] INFO flush : total=700 (inserted=0 updated=0 unchanged=700)
[2026-08-16 06:44:14] [scraper.immo] INFO [PAGE 071] 10 fiches trouvées
[2026-08-16 06:44:24] [scraper.immo] INFO [PAGE 072] 10 fiches trouvées
[2026-08-16 06:44:35] [scraper.immo] INFO [PAGE 073] 10 fiches trouvées
[2026-08-16 06:44:45] [scraper.immo] INFO [PAGE 074] 10 fiches trouvées
[2026-08-16 06:44:57] [scraper.immo] INFO [PAGE 075] 10 fiches trouvées
[2026-08-16 06:45:06] [scraper.immo] INFO flush : total=750 (inserted=0 updated=0 unchanged=750)
[2026-08-16 06:45:08] [scraper.immo] INFO [PAGE 076] 10 fiches trouvées
[2026-08-16 06:45:18] [scraper.immo] INFO [PAGE 077] 10 fiches trouvées
[2026-08-16 06:45:28] [scraper.immo] INFO [PAGE 078] 10 fiches trouvées
[2026-08-16 06:45:38] [scraper.immo] INFO [PAGE 079] 10 fiches trouvées
[2026-08-16 06:45:50] [scraper.immo] INFO [PAGE 080] 10 fiches trouvées
[2026-08-16 06:45:59] [scraper.immo] INFO flush : total=800 (inserted=0 updated=0 unchanged=800)
[2026-08-16 06:46:01] [scraper.immo] INFO [PAGE 081] 10 fiches trouvées
[2026-08-16 06:46:31] [scraper.immo] INFO [PAGE 082] 10 fiches trouvées
[2026-08-16 06:46:42] [scraper.immo] INFO [PAGE 083] 10 fiches trouvées
[2026-08-16 06:46:53] [scraper.immo] INFO [PAGE 084] 10 fiches trouvées
[2026-08-16 06:47:03] [scraper.immo] INFO [PAGE 085] 10 fiches trouvées
[2026-08-16 06:47:11] [scraper.immo] INFO flush : total=850 (inserted=0 updated=0 unchanged=850)
[2026-08-16 06:47:13] [scraper.immo] INFO [PAGE 086] 10 fiches trouvées
[2026-08-16 06:47:24] [scraper.immo] INFO [PAGE 087] 10 fiches trouvées
[2026-08-16 06:47:34] [scraper.immo] INFO [PAGE 088] 10 fiches trouvées
[2026-08-16 06:47:45] [scraper.immo] INFO [PAGE 089] 2 fiches trouvées
[2026-08-16 06:47:48] [scraper.immo] INFO [PAGE 090] 0 fiches trouvées
[2026-08-16 06:47:48] [scraper.immo] INFO [STOP] Plus de résultats page 90
[2026-08-16 06:47:48] [scraper.immo] INFO Fin scraper 'immo' : inserted=0, updated=0, unchanged=882, stale=0
[2026-08-16 06:47:48] [scraper.immo] INFO CSV exporté : exports/immo/base_prospection_immomatin.csv (882 lignes)
[2026-08-16 06:47:48] [scraper.immo] INFO JSONL exporté : exports/immo/base_prospection_immomatin.jsonl (882 lignes)
[2026-08-16 06:47:49] [scraper.immo] INFO XLSX exporté : exports/immo/base_prospection_immomatin.xlsx (882 lignes)
